4月 27 11:30:00 xuxubaobao-virtual-machine kernel: Linux version 6.8.0-58-generic (buildd@lcy02-amd64-116) (x86_64-linux-gnu-gcc-12 (Ubuntu 12.3.0-1ubuntu1~22.04) 12.3.0, GNU ld (GNU Binutils for Ubuntu) 2.38) #60~22.04.1-Ubuntu SMP PREEMPT_DYNAMIC Fri Mar 28 16:09:21 UTC 2 (Ubuntu 6.8.0-58.60~22.04.1-generic 6.8.12)
4月 27 11:30:00 xuxubaobao-virtual-machine kernel: Command line: BOOT_IMAGE=/boot/vmlinuz-6.8.0-58-generic root=UUID=f89c4aa5-e038-497e-b02a-17dbf7b9ef2d ro quiet splash
4月 27 11:30:00 xuxubaobao-virtual-machine kernel: KERNEL supported cpus:
4月 27 11:30:00 xuxubaobao-virtual-machine kernel:   Intel GenuineIntel
4月 27 11:30:00 xuxubaobao-virtual-machine kernel:   AMD AuthenticAMD
4月 27 11:30:00 xuxubaobao-virtual-machine kernel:   Hygon HygonGenuine
4月 27 11:30:00 xuxubaobao-virtual-machine kernel:   Centaur CentaurHauls
4月 27 11:30:00 xuxubaobao-virtual-machine kernel:   zhaoxin   Shanghai  
4月 27 11:30:00 xuxubaobao-virtual-machine kernel: BIOS-provided physical RAM map:
4月 27 11:30:00 xuxubaobao-virtual-machine kernel: BIOS-e820: [mem 0x0000000000000000-0x000000000009e7ff] usable
4月 27 11:30:00 xuxubaobao-virtual-machine kernel: BIOS-e820: [mem 0x000000000009e800-0x000000000009ffff] reserved
4月 27 11:30:00 xuxubaobao-virtual-machine kernel: BIOS-e820: [mem 0x00000000000dc000-0x00000000000fffff] reserved
4月 27 11:30:00 xuxubaobao-virtual-machine kernel: BIOS-e820: [mem 0x0000000000100000-0x00000000bfecffff] usable
4月 27 11:30:00 xuxubaobao-virtual-machine kernel: BIOS-e820: [mem 0x00000000bfed0000-0x00000000bfefefff] ACPI data
4月 27 11:30:00 xuxubaobao-virtual-machine kernel: BIOS-e820: [mem 0x00000000bfeff000-0x00000000bfefffff] ACPI NVS
4月 27 11:30:00 xuxubaobao-virtual-machine kernel: BIOS-e820: [mem 0x00000000bff00000-0x00000000bfffffff] usable
4月 27 11:30:00 xuxubaobao-virtual-machine kernel: BIOS-e820: [mem 0x00000000f0000000-0x00000000f7ffffff] reserved
4月 27 11:30:00 xuxubaobao-virtual-machine kernel: BIOS-e820: [mem 0x00000000fec00000-0x00000000fec0ffff] reserved
4月 27 11:30:00 xuxubaobao-virtual-machine kernel: BIOS-e820: [mem 0x00000000fee00000-0x00000000fee00fff] reserved
4月 27 11:30:00 xuxubaobao-virtual-machine kernel: BIOS-e820: [mem 0x00000000fffe0000-0x00000000ffffffff] reserved
4月 27 11:30:00 xuxubaobao-virtual-machine kernel: BIOS-e820: [mem 0x0000000100000000-0x000000023fffffff] usable
4月 27 11:30:00 xuxubaobao-virtual-machine kernel: NX (Execute Disable) protection: active
4月 27 11:30:00 xuxubaobao-virtual-machine kernel: APIC: Static calls initialized
4月 27 11:30:00 xuxubaobao-virtual-machine kernel: SMBIOS 2.7 present.
4月 27 11:30:00 xuxubaobao-virtual-machine kernel: DMI: VMware, Inc. VMware Virtual Platform/440BX Desktop Reference Platform, BIOS 6.00 11/12/2020
4月 27 11:30:00 xuxubaobao-virtual-machine kernel: vmware: hypercall mode: 0x00
4月 27 11:30:00 xuxubaobao-virtual-machine kernel: Hypervisor detected: VMware
4月 27 11:30:00 xuxubaobao-virtual-machine kernel: vmware: TSC freq read from hypervisor : 2894.560 MHz
4月 27 11:30:00 xuxubaobao-virtual-machine kernel: vmware: Host bus clock speed read from hypervisor : 66000000 Hz
4月 27 11:30:00 xuxubaobao-virtual-machine kernel: vmware: using clock offset of 2099226579 ns
4月 27 11:30:00 xuxubaobao-virtual-machine kernel: tsc: Detected 2894.560 MHz processor
4月 27 11:30:00 xuxubaobao-virtual-machine kernel: e820: update [mem 0x00000000-0x00000fff] usable ==> reserved
4月 27 11:30:00 xuxubaobao-virtual-machine kernel: e820: remove [mem 0x000a0000-0x000fffff] usable
4月 27 11:30:00 xuxubaobao-virtual-machine kernel: last_pfn = 0x240000 max_arch_pfn = 0x400000000
4月 27 11:30:00 xuxubaobao-virtual-machine kernel: total RAM covered: 261120M
4月 27 11:30:00 xuxubaobao-virtual-machine kernel:  gran_size: 64K         chunk_size: 64K         num_reg: 8          lose cover RAM: 0G
4月 27 11:30:00 xuxubaobao-virtual-machine kernel:  gran_size: 64K         chunk_size: 128K         num_reg: 8          lose cover RAM: 0G
4月 27 11:30:00 xuxubaobao-virtual-machine kernel:  gran_size: 64K         chunk_size: 256K         num_reg: 8          lose cover RAM: 0G
4月 27 11:30:00 xuxubaobao-virtual-machine kernel:  gran_size: 64K         chunk_size: 512K         num_reg: 8          lose cover RAM: 0G
4月 27 11:30:00 xuxubaobao-virtual-machine kernel:  gran_size: 64K         chunk_size: 1M         num_reg: 8          lose cover RAM: 0G
4月 27 11:30:00 xuxubaobao-virtual-machine kernel:  gran_size: 64K         chunk_size: 2M         num_reg: 8          lose cover RAM: 0G
4月 27 11:30:00 xuxubaobao-virtual-machine kernel:  gran_size: 64K         chunk_size: 4M         num_reg: 8          lose cover RAM: 0G
4月 27 11:30:00 xuxubaobao-virtual-machine kernel:  gran_size: 64K         chunk_size: 8M         num_reg: 8          lose cover RAM: 0G
4月 27 11:30:00 xuxubaobao-virtual-machine kernel:  gran_size: 64K         chunk_size: 16M         num_reg: 8          lose cover RAM: 0G
4月 27 11:30:00 xuxubaobao-virtual-machine kernel:  gran_size: 64K         chunk_size: 32M         num_reg: 8          lose cover RAM: 0G
4月 27 11:30:00 xuxubaobao-virtual-machine kernel:  gran_size: 64K         chunk_size: 64M         num_reg: 8          lose cover RAM: 0G
4月 27 11:30:00 xuxubaobao-virtual-machine kernel:  gran_size: 64K         chunk_size: 128M         num_reg: 8          lose cover RAM: 0G
4月 27 11:30:00 xuxubaobao-virtual-machine kernel:  gran_size: 64K         chunk_size: 256M         num_reg: 8          lose cover RAM: 0G
4月 27 11:30:00 xuxubaobao-virtual-machine kernel:  gran_size: 64K         chunk_size: 512M         num_reg: 8          lose cover RAM: 0G
4月 27 11:30:00 xuxubaobao-virtual-machine kernel:  gran_size: 64K         chunk_size: 1G         num_reg: 8          lose cover RAM: 0G
4月 27 11:30:00 xuxubaobao-virtual-machine kernel:  gran_size: 64K         chunk_size: 2G         num_reg: 8          lose cover RAM: 0G
4月 27 11:30:00 xuxubaobao-virtual-machine kernel:  gran_size: 128K         chunk_size: 128K         num_reg: 8          lose cover RAM: 0G
4月 27 11:30:00 xuxubaobao-virtual-machine kernel:  gran_size: 128K         chunk_size: 256K         num_reg: 8          lose cover RAM: 0G
4月 27 11:30:00 xuxubaobao-virtual-machine kernel:  gran_size: 128K         chunk_size: 512K         num_reg: 8          lose cover RAM: 0G
4月 27 11:30:00 xuxubaobao-virtual-machine kernel:  gran_size: 128K         chunk_size: 1M         num_reg: 8          lose cover RAM: 0G
4月 27 11:30:00 xuxubaobao-virtual-machine kernel:  gran_size: 128K         chunk_size: 2M         num_reg: 8          lose cover RAM: 0G
4月 27 11:30:00 xuxubaobao-virtual-machine kernel:  gran_size: 128K         chunk_size: 4M         num_reg: 8          lose cover RAM: 0G
4月 27 11:30:00 xuxubaobao-virtual-machine kernel:  gran_size: 128K         chunk_size: 8M         num_reg: 8          lose cover RAM: 0G
4月 27 11:30:00 xuxubaobao-virtual-machine kernel:  gran_size: 128K         chunk_size: 16M         num_reg: 8          lose cover RAM: 0G
4月 27 11:30:00 xuxubaobao-virtual-machine kernel:  gran_size: 128K         chunk_size: 32M         num_reg: 8          lose cover RAM: 0G
4月 27 11:30:00 xuxubaobao-virtual-machine kernel:  gran_size: 128K         chunk_size: 64M         num_reg: 8          lose cover RAM: 0G
4月 27 11:30:00 xuxubaobao-virtual-machine kernel:  gran_size: 128K         chunk_size: 128M         num_reg: 8          lose cover RAM: 0G
4月 27 11:30:00 xuxubaobao-virtual-machine kernel:  gran_size: 128K         chunk_size: 256M         num_reg: 8          lose cover RAM: 0G
4月 27 11:30:00 xuxubaobao-virtual-machine kernel:  gran_size: 128K         chunk_size: 512M         num_reg: 8          lose cover RAM: 0G
4月 27 11:30:00 xuxubaobao-virtual-machine kernel:  gran_size: 128K         chunk_size: 1G         num_reg: 8          lose cover RAM: 0G
4月 27 11:30:00 xuxubaobao-virtual-machine kernel:  gran_size: 128K         chunk_size: 2G         num_reg: 8          lose cover RAM: 0G
4月 27 11:30:00 xuxubaobao-virtual-machine kernel:  gran_size: 256K         chunk_size: 256K         num_reg: 8          lose cover RAM: 0G
4月 27 11:30:00 xuxubaobao-virtual-machine kernel:  gran_size: 256K         chunk_size: 512K         num_reg: 8          lose cover RAM: 0G
4月 27 11:30:00 xuxubaobao-virtual-machine kernel:  gran_size: 256K         chunk_size: 1M         num_reg: 8          lose cover RAM: 0G
4月 27 11:30:00 xuxubaobao-virtual-machine kernel:  gran_size: 256K         chunk_size: 2M         num_reg: 8          lose cover RAM: 0G
4月 27 11:30:00 xuxubaobao-virtual-machine kernel:  gran_size: 256K         chunk_size: 4M         num_reg: 8          lose cover RAM: 0G
4月 27 11:30:00 xuxubaobao-virtual-machine kernel:  gran_size: 256K         chunk_size: 8M         num_reg: 8          lose cover RAM: 0G
4月 27 11:30:00 xuxubaobao-virtual-machine kernel:  gran_size: 256K         chunk_size: 16M         num_reg: 8          lose cover RAM: 0G
4月 27 11:30:00 xuxubaobao-virtual-machine kernel:  gran_size: 256K         chunk_size: 32M         num_reg: 8          lose cover RAM: 0G
4月 27 11:30:00 xuxubaobao-virtual-machine kernel:  gran_size: 256K         chunk_size: 64M         num_reg: 8          lose cover RAM: 0G
4月 27 11:30:00 xuxubaobao-virtual-machine kernel:  gran_size: 256K         chunk_size: 128M         num_reg: 8          lose cover RAM: 0G
4月 27 11:30:00 xuxubaobao-virtual-machine kernel:  gran_size: 256K         chunk_size: 256M         num_reg: 8          lose cover RAM: 0G
4月 27 11:30:00 xuxubaobao-virtual-machine kernel:  gran_size: 256K         chunk_size: 512M         num_reg: 8          lose cover RAM: 0G
4月 27 11:30:00 xuxubaobao-virtual-machine kernel:  gran_size: 256K         chunk_size: 1G         num_reg: 8          lose cover RAM: 0G
4月 27 11:30:00 xuxubaobao-virtual-machine kernel:  gran_size: 256K         chunk_size: 2G         num_reg: 8          lose cover RAM: 0G
4月 27 11:30:00 xuxubaobao-virtual-machine kernel:  gran_size: 512K         chunk_size: 512K         num_reg: 8          lose cover RAM: 0G
4月 27 11:30:00 xuxubaobao-virtual-machine kernel:  gran_size: 512K         chunk_size: 1M         num_reg: 8          lose cover RAM: 0G
4月 27 11:30:00 xuxubaobao-virtual-machine kernel:  gran_size: 512K         chunk_size: 2M         num_reg: 8          lose cover RAM: 0G
4月 27 11:30:00 xuxubaobao-virtual-machine kernel:  gran_size: 512K         chunk_size: 4M         num_reg: 8          lose cover RAM: 0G
4月 27 11:30:00 xuxubaobao-virtual-machine kernel:  gran_size: 512K         chunk_size: 8M         num_reg: 8          lose cover RAM: 0G
4月 27 11:30:00 xuxubaobao-virtual-machine kernel:  gran_size: 512K         chunk_size: 16M         num_reg: 8          lose cover RAM: 0G
4月 27 11:30:00 xuxubaobao-virtual-machine kernel:  gran_size: 512K         chunk_size: 32M         num_reg: 8          lose cover RAM: 0G
4月 27 11:30:00 xuxubaobao-virtual-machine kernel:  gran_size: 512K         chunk_size: 64M         num_reg: 8          lose cover RAM: 0G
4月 27 11:30:00 xuxubaobao-virtual-machine kernel:  gran_size: 512K         chunk_size: 128M         num_reg: 8          lose cover RAM: 0G
4月 27 11:30:00 xuxubaobao-virtual-machine kernel:  gran_size: 512K         chunk_size: 256M         num_reg: 8          lose cover RAM: 0G
4月 27 11:30:00 xuxubaobao-virtual-machine kernel:  gran_size: 512K         chunk_size: 512M         num_reg: 8          lose cover RAM: 0G
4月 27 11:30:00 xuxubaobao-virtual-machine kernel:  gran_size: 512K         chunk_size: 1G         num_reg: 8          lose cover RAM: 0G
4月 27 11:30:00 xuxubaobao-virtual-machine kernel:  gran_size: 512K         chunk_size: 2G         num_reg: 8          lose cover RAM: 0G
4月 27 11:30:00 xuxubaobao-virtual-machine kernel:  gran_size: 1M         chunk_size: 1M         num_reg: 8          lose cover RAM: 0G
4月 27 11:30:00 xuxubaobao-virtual-machine kernel:  gran_size: 1M         chunk_size: 2M         num_reg: 8          lose cover RAM: 0G
4月 27 11:30:00 xuxubaobao-virtual-machine kernel:  gran_size: 1M         chunk_size: 4M         num_reg: 8          lose cover RAM: 0G
4月 27 11:30:00 xuxubaobao-virtual-machine kernel:  gran_size: 1M         chunk_size: 8M         num_reg: 8          lose cover RAM: 0G
4月 27 11:30:00 xuxubaobao-virtual-machine kernel:  gran_size: 1M         chunk_size: 16M         num_reg: 8          lose cover RAM: 0G
4月 27 11:30:00 xuxubaobao-virtual-machine kernel:  gran_size: 1M         chunk_size: 32M         num_reg: 8          lose cover RAM: 0G
4月 27 11:30:00 xuxubaobao-virtual-machine kernel:  gran_size: 1M         chunk_size: 64M         num_reg: 8          lose cover RAM: 0G
4月 27 11:30:00 xuxubaobao-virtual-machine kernel:  gran_size: 1M         chunk_size: 128M         num_reg: 8          lose cover RAM: 0G
4月 27 11:30:00 xuxubaobao-virtual-machine kernel:  gran_size: 1M         chunk_size: 256M         num_reg: 8          lose cover RAM: 0G
4月 27 11:30:00 xuxubaobao-virtual-machine kernel:  gran_size: 1M         chunk_size: 512M         num_reg: 8          lose cover RAM: 0G
4月 27 11:30:00 xuxubaobao-virtual-machine kernel:  gran_size: 1M         chunk_size: 1G         num_reg: 8          lose cover RAM: 0G
4月 27 11:30:00 xuxubaobao-virtual-machine kernel:  gran_size: 1M         chunk_size: 2G         num_reg: 8          lose cover RAM: 0G
4月 27 11:30:00 xuxubaobao-virtual-machine kernel:  gran_size: 2M         chunk_size: 2M         num_reg: 8          lose cover RAM: 0G
4月 27 11:30:00 xuxubaobao-virtual-machine kernel:  gran_size: 2M         chunk_size: 4M         num_reg: 8          lose cover RAM: 0G
4月 27 11:30:00 xuxubaobao-virtual-machine kernel:  gran_size: 2M         chunk_size: 8M         num_reg: 8          lose cover RAM: 0G
4月 27 11:30:00 xuxubaobao-virtual-machine kernel:  gran_size: 2M         chunk_size: 16M         num_reg: 8          lose cover RAM: 0G
4月 27 11:30:00 xuxubaobao-virtual-machine kernel:  gran_size: 2M         chunk_size: 32M         num_reg: 8          lose cover RAM: 0G
4月 27 11:30:00 xuxubaobao-virtual-machine kernel:  gran_size: 2M         chunk_size: 64M         num_reg: 8          lose cover RAM: 0G
4月 27 11:30:00 xuxubaobao-virtual-machine kernel:  gran_size: 2M         chunk_size: 128M         num_reg: 8          lose cover RAM: 0G
4月 27 11:30:00 xuxubaobao-virtual-machine kernel:  gran_size: 2M         chunk_size: 256M         num_reg: 8          lose cover RAM: 0G
4月 27 11:30:00 xuxubaobao-virtual-machine kernel:  gran_size: 2M         chunk_size: 512M         num_reg: 8          lose cover RAM: 0G
4月 27 11:30:00 xuxubaobao-virtual-machine kernel:  gran_size: 2M         chunk_size: 1G         num_reg: 8          lose cover RAM: 0G
4月 27 11:30:00 xuxubaobao-virtual-machine kernel:  gran_size: 2M         chunk_size: 2G         num_reg: 8          lose cover RAM: 0G
4月 27 11:30:00 xuxubaobao-virtual-machine kernel:  gran_size: 4M         chunk_size: 4M         num_reg: 8          lose cover RAM: 0G
4月 27 11:30:00 xuxubaobao-virtual-machine kernel:  gran_size: 4M         chunk_size: 8M         num_reg: 8          lose cover RAM: 0G
4月 27 11:30:00 xuxubaobao-virtual-machine kernel:  gran_size: 4M         chunk_size: 16M         num_reg: 8          lose cover RAM: 0G
4月 27 11:30:00 xuxubaobao-virtual-machine kernel:  gran_size: 4M         chunk_size: 32M         num_reg: 8          lose cover RAM: 0G
4月 27 11:30:00 xuxubaobao-virtual-machine kernel:  gran_size: 4M         chunk_size: 64M         num_reg: 8          lose cover RAM: 0G
4月 27 11:30:00 xuxubaobao-virtual-machine kernel:  gran_size: 4M         chunk_size: 128M         num_reg: 8          lose cover RAM: 0G
4月 27 11:30:00 xuxubaobao-virtual-machine kernel:  gran_size: 4M         chunk_size: 256M         num_reg: 8          lose cover RAM: 0G
4月 27 11:30:00 xuxubaobao-virtual-machine kernel:  gran_size: 4M         chunk_size: 512M         num_reg: 8          lose cover RAM: 0G
4月 27 11:30:00 xuxubaobao-virtual-machine kernel:  gran_size: 4M         chunk_size: 1G         num_reg: 8          lose cover RAM: 0G
4月 27 11:30:00 xuxubaobao-virtual-machine kernel:  gran_size: 4M         chunk_size: 2G         num_reg: 8          lose cover RAM: 0G
4月 27 11:30:00 xuxubaobao-virtual-machine kernel:  gran_size: 8M         chunk_size: 8M         num_reg: 8          lose cover RAM: 0G
4月 27 11:30:00 xuxubaobao-virtual-machine kernel:  gran_size: 8M         chunk_size: 16M         num_reg: 8          lose cover RAM: 0G
4月 27 11:30:00 xuxubaobao-virtual-machine kernel:  gran_size: 8M         chunk_size: 32M         num_reg: 8          lose cover RAM: 0G
4月 27 11:30:00 xuxubaobao-virtual-machine kernel:  gran_size: 8M         chunk_size: 64M         num_reg: 8          lose cover RAM: 0G
4月 27 11:30:00 xuxubaobao-virtual-machine kernel:  gran_size: 8M         chunk_size: 128M         num_reg: 8          lose cover RAM: 0G
4月 27 11:30:00 xuxubaobao-virtual-machine kernel:  gran_size: 8M         chunk_size: 256M         num_reg: 8          lose cover RAM: 0G
4月 27 11:30:00 xuxubaobao-virtual-machine kernel:  gran_size: 8M         chunk_size: 512M         num_reg: 8          lose cover RAM: 0G
4月 27 11:30:00 xuxubaobao-virtual-machine kernel:  gran_size: 8M         chunk_size: 1G         num_reg: 8          lose cover RAM: 0G
4月 27 11:30:00 xuxubaobao-virtual-machine kernel:  gran_size: 8M         chunk_size: 2G         num_reg: 8          lose cover RAM: 0G
4月 27 11:30:00 xuxubaobao-virtual-machine kernel:  gran_size: 16M         chunk_size: 16M         num_reg: 8          lose cover RAM: 0G
4月 27 11:30:00 xuxubaobao-virtual-machine kernel:  gran_size: 16M         chunk_size: 32M         num_reg: 8          lose cover RAM: 0G
4月 27 11:30:00 xuxubaobao-virtual-machine kernel:  gran_size: 16M         chunk_size: 64M         num_reg: 8          lose cover RAM: 0G
4月 27 11:30:00 xuxubaobao-virtual-machine kernel:  gran_size: 16M         chunk_size: 128M         num_reg: 8          lose cover RAM: 0G
4月 27 11:30:00 xuxubaobao-virtual-machine kernel:  gran_size: 16M         chunk_size: 256M         num_reg: 8          lose cover RAM: 0G
4月 27 11:30:00 xuxubaobao-virtual-machine kernel:  gran_size: 16M         chunk_size: 512M         num_reg: 8          lose cover RAM: 0G
4月 27 11:30:00 xuxubaobao-virtual-machine kernel:  gran_size: 16M         chunk_size: 1G         num_reg: 8          lose cover RAM: 0G
4月 27 11:30:00 xuxubaobao-virtual-machine kernel:  gran_size: 16M         chunk_size: 2G         num_reg: 8          lose cover RAM: 0G
4月 27 11:30:00 xuxubaobao-virtual-machine kernel:  gran_size: 32M         chunk_size: 32M         num_reg: 8          lose cover RAM: 0G
4月 27 11:30:00 xuxubaobao-virtual-machine kernel:  gran_size: 32M         chunk_size: 64M         num_reg: 8          lose cover RAM: 0G
4月 27 11:30:00 xuxubaobao-virtual-machine kernel:  gran_size: 32M         chunk_size: 128M         num_reg: 8          lose cover RAM: 0G
4月 27 11:30:00 xuxubaobao-virtual-machine kernel:  gran_size: 32M         chunk_size: 256M         num_reg: 8          lose cover RAM: 0G
4月 27 11:30:00 xuxubaobao-virtual-machine kernel:  gran_size: 32M         chunk_size: 512M         num_reg: 8          lose cover RAM: 0G
4月 27 11:30:00 xuxubaobao-virtual-machine kernel:  gran_size: 32M         chunk_size: 1G         num_reg: 8          lose cover RAM: 0G
4月 27 11:30:00 xuxubaobao-virtual-machine kernel:  gran_size: 32M         chunk_size: 2G         num_reg: 8          lose cover RAM: 0G
4月 27 11:30:00 xuxubaobao-virtual-machine kernel:  gran_size: 64M         chunk_size: 64M         num_reg: 8          lose cover RAM: 0G
4月 27 11:30:00 xuxubaobao-virtual-machine kernel:  gran_size: 64M         chunk_size: 128M         num_reg: 8          lose cover RAM: 0G
4月 27 11:30:00 xuxubaobao-virtual-machine kernel:  gran_size: 64M         chunk_size: 256M         num_reg: 8          lose cover RAM: 0G
4月 27 11:30:00 xuxubaobao-virtual-machine kernel:  gran_size: 64M         chunk_size: 512M         num_reg: 8          lose cover RAM: 0G
4月 27 11:30:00 xuxubaobao-virtual-machine kernel:  gran_size: 64M         chunk_size: 1G         num_reg: 8          lose cover RAM: 0G
4月 27 11:30:00 xuxubaobao-virtual-machine kernel:  gran_size: 64M         chunk_size: 2G         num_reg: 8          lose cover RAM: 0G
4月 27 11:30:00 xuxubaobao-virtual-machine kernel:  gran_size: 128M         chunk_size: 128M         num_reg: 8          lose cover RAM: 0G
4月 27 11:30:00 xuxubaobao-virtual-machine kernel:  gran_size: 128M         chunk_size: 256M         num_reg: 8          lose cover RAM: 0G
4月 27 11:30:00 xuxubaobao-virtual-machine kernel:  gran_size: 128M         chunk_size: 512M         num_reg: 8          lose cover RAM: 0G
4月 27 11:30:00 xuxubaobao-virtual-machine kernel:  gran_size: 128M         chunk_size: 1G         num_reg: 8          lose cover RAM: 0G
4月 27 11:30:00 xuxubaobao-virtual-machine kernel:  gran_size: 128M         chunk_size: 2G         num_reg: 8          lose cover RAM: 0G
4月 27 11:30:00 xuxubaobao-virtual-machine kernel:  gran_size: 256M         chunk_size: 256M         num_reg: 8          lose cover RAM: 0G
4月 27 11:30:00 xuxubaobao-virtual-machine kernel:  gran_size: 256M         chunk_size: 512M         num_reg: 8          lose cover RAM: 0G
4月 27 11:30:00 xuxubaobao-virtual-machine kernel:  gran_size: 256M         chunk_size: 1G         num_reg: 8          lose cover RAM: 0G
4月 27 11:30:00 xuxubaobao-virtual-machine kernel:  gran_size: 256M         chunk_size: 2G         num_reg: 8          lose cover RAM: 0G
4月 27 11:30:00 xuxubaobao-virtual-machine kernel:  gran_size: 512M         chunk_size: 512M         num_reg: 8          lose cover RAM: 0G
4月 27 11:30:00 xuxubaobao-virtual-machine kernel:  gran_size: 512M         chunk_size: 1G         num_reg: 8          lose cover RAM: 0G
4月 27 11:30:00 xuxubaobao-virtual-machine kernel:  gran_size: 512M         chunk_size: 2G         num_reg: 8          lose cover RAM: 0G
4月 27 11:30:00 xuxubaobao-virtual-machine kernel:  gran_size: 1G         chunk_size: 1G         num_reg: 8          lose cover RAM: 0G
4月 27 11:30:00 xuxubaobao-virtual-machine kernel:  gran_size: 1G         chunk_size: 2G         num_reg: 8          lose cover RAM: 0G
4月 27 11:30:00 xuxubaobao-virtual-machine kernel:  gran_size: 2G         chunk_size: 2G         num_reg: 7          lose cover RAM: 1G
4月 27 11:30:00 xuxubaobao-virtual-machine kernel: mtrr_cleanup: can not find optimal value
4月 27 11:30:00 xuxubaobao-virtual-machine kernel: please specify mtrr_gran_size/mtrr_chunk_size
4月 27 11:30:00 xuxubaobao-virtual-machine kernel: MTRR map: 8 entries (5 fixed + 3 variable; max 21), built from 8 variable MTRRs
4月 27 11:30:00 xuxubaobao-virtual-machine kernel: x86/PAT: Configuration [0-7]: WB  WC  UC- UC  WB  WP  UC- WT  
4月 27 11:30:00 xuxubaobao-virtual-machine kernel: e820: update [mem 0xc0000000-0xffffffff] usable ==> reserved
4月 27 11:30:00 xuxubaobao-virtual-machine kernel: last_pfn = 0xc0000 max_arch_pfn = 0x400000000
4月 27 11:30:00 xuxubaobao-virtual-machine kernel: found SMP MP-table at [mem 0x000f6a70-0x000f6a7f]
4月 27 11:30:00 xuxubaobao-virtual-machine kernel: Using GB pages for direct mapping
4月 27 11:30:00 xuxubaobao-virtual-machine kernel: RAMDISK: [mem 0x2f36f000-0x339aefff]
4月 27 11:30:00 xuxubaobao-virtual-machine kernel: ACPI: Early table checksum verification disabled
4月 27 11:30:00 xuxubaobao-virtual-machine kernel: ACPI: RSDP 0x00000000000F6A00 000024 (v02 PTLTD )
4月 27 11:30:00 xuxubaobao-virtual-machine kernel: ACPI: XSDT 0x00000000BFEDB633 00005C (v01 INTEL  440BX    06040000 VMW  01324272)
4月 27 11:30:00 xuxubaobao-virtual-machine kernel: ACPI: FACP 0x00000000BFEFEE73 0000F4 (v04 INTEL  440BX    06040000 PTL  000F4240)
4月 27 11:30:00 xuxubaobao-virtual-machine kernel: ACPI: DSDT 0x00000000BFEDD001 021E72 (v01 PTLTD  Custom   06040000 MSFT 03000001)
4月 27 11:30:00 xuxubaobao-virtual-machine kernel: ACPI: FACS 0x00000000BFEFFFC0 000040
4月 27 11:30:00 xuxubaobao-virtual-machine kernel: ACPI: FACS 0x00000000BFEFFFC0 000040
4月 27 11:30:00 xuxubaobao-virtual-machine kernel: ACPI: BOOT 0x00000000BFEDCFB4 000028 (v01 PTLTD  $SBFTBL$ 06040000  LTP 00000001)
4月 27 11:30:00 xuxubaobao-virtual-machine kernel: ACPI: APIC 0x00000000BFEDC872 000742 (v01 PTLTD  ? APIC   06040000  LTP 00000000)
4月 27 11:30:00 xuxubaobao-virtual-machine kernel: ACPI: MCFG 0x00000000BFEDC836 00003C (v01 PTLTD  $PCITBL$ 06040000  LTP 00000001)
4月 27 11:30:00 xuxubaobao-virtual-machine kernel: ACPI: SRAT 0x00000000BFEDB72F 0008D0 (v02 VMWARE MEMPLUG  06040000 VMW  00000001)
4月 27 11:30:00 xuxubaobao-virtual-machine kernel: ACPI: HPET 0x00000000BFEDB6F7 000038 (v01 VMWARE VMW HPET 06040000 VMW  00000001)
4月 27 11:30:00 xuxubaobao-virtual-machine kernel: ACPI: WAET 0x00000000BFEDB6CF 000028 (v01 VMWARE VMW WAET 06040000 VMW  00000001)
4月 27 11:30:00 xuxubaobao-virtual-machine kernel: ACPI: Reserving FACP table memory at [mem 0xbfefee73-0xbfefef66]
4月 27 11:30:00 xuxubaobao-virtual-machine kernel: ACPI: Reserving DSDT table memory at [mem 0xbfedd001-0xbfefee72]
4月 27 11:30:00 xuxubaobao-virtual-machine kernel: ACPI: Reserving FACS table memory at [mem 0xbfefffc0-0xbfefffff]
4月 27 11:30:00 xuxubaobao-virtual-machine kernel: ACPI: Reserving FACS table memory at [mem 0xbfefffc0-0xbfefffff]
4月 27 11:30:00 xuxubaobao-virtual-machine kernel: ACPI: Reserving BOOT table memory at [mem 0xbfedcfb4-0xbfedcfdb]
4月 27 11:30:00 xuxubaobao-virtual-machine kernel: ACPI: Reserving APIC table memory at [mem 0xbfedc872-0xbfedcfb3]
4月 27 11:30:00 xuxubaobao-virtual-machine kernel: ACPI: Reserving MCFG table memory at [mem 0xbfedc836-0xbfedc871]
4月 27 11:30:00 xuxubaobao-virtual-machine kernel: ACPI: Reserving SRAT table memory at [mem 0xbfedb72f-0xbfedbffe]
4月 27 11:30:00 xuxubaobao-virtual-machine kernel: ACPI: Reserving HPET table memory at [mem 0xbfedb6f7-0xbfedb72e]
4月 27 11:30:00 xuxubaobao-virtual-machine kernel: ACPI: Reserving WAET table memory at [mem 0xbfedb6cf-0xbfedb6f6]
4月 27 11:30:00 xuxubaobao-virtual-machine kernel: SRAT: PXM 0 -> APIC 0x00 -> Node 0
4月 27 11:30:00 xuxubaobao-virtual-machine kernel: SRAT: PXM 0 -> APIC 0x01 -> Node 0
4月 27 11:30:00 xuxubaobao-virtual-machine kernel: SRAT: PXM 0 -> APIC 0x02 -> Node 0
4月 27 11:30:00 xuxubaobao-virtual-machine kernel: SRAT: PXM 0 -> APIC 0x03 -> Node 0
4月 27 11:30:00 xuxubaobao-virtual-machine kernel: SRAT: PXM 0 -> APIC 0x04 -> Node 0
4月 27 11:30:00 xuxubaobao-virtual-machine kernel: SRAT: PXM 0 -> APIC 0x05 -> Node 0
4月 27 11:30:00 xuxubaobao-virtual-machine kernel: SRAT: PXM 0 -> APIC 0x06 -> Node 0
4月 27 11:30:00 xuxubaobao-virtual-machine kernel: SRAT: PXM 0 -> APIC 0x07 -> Node 0
4月 27 11:30:00 xuxubaobao-virtual-machine kernel: SRAT: PXM 0 -> APIC 0x08 -> Node 0
4月 27 11:30:00 xuxubaobao-virtual-machine kernel: SRAT: PXM 0 -> APIC 0x09 -> Node 0
4月 27 11:30:00 xuxubaobao-virtual-machine kernel: SRAT: PXM 0 -> APIC 0x0a -> Node 0
4月 27 11:30:00 xuxubaobao-virtual-machine kernel: SRAT: PXM 0 -> APIC 0x0b -> Node 0
4月 27 11:30:00 xuxubaobao-virtual-machine kernel: SRAT: PXM 0 -> APIC 0x0c -> Node 0
4月 27 11:30:00 xuxubaobao-virtual-machine kernel: SRAT: PXM 0 -> APIC 0x0d -> Node 0
4月 27 11:30:00 xuxubaobao-virtual-machine kernel: SRAT: PXM 0 -> APIC 0x0e -> Node 0
4月 27 11:30:00 xuxubaobao-virtual-machine kernel: SRAT: PXM 0 -> APIC 0x0f -> Node 0
4月 27 11:30:00 xuxubaobao-virtual-machine kernel: SRAT: PXM 0 -> APIC 0x10 -> Node 0
4月 27 11:30:00 xuxubaobao-virtual-machine kernel: SRAT: PXM 0 -> APIC 0x11 -> Node 0
4月 27 11:30:00 xuxubaobao-virtual-machine kernel: SRAT: PXM 0 -> APIC 0x12 -> Node 0
4月 27 11:30:00 xuxubaobao-virtual-machine kernel: SRAT: PXM 0 -> APIC 0x13 -> Node 0
4月 27 11:30:00 xuxubaobao-virtual-machine kernel: SRAT: PXM 0 -> APIC 0x14 -> Node 0
4月 27 11:30:00 xuxubaobao-virtual-machine kernel: SRAT: PXM 0 -> APIC 0x15 -> Node 0
4月 27 11:30:00 xuxubaobao-virtual-machine kernel: SRAT: PXM 0 -> APIC 0x16 -> Node 0
4月 27 11:30:00 xuxubaobao-virtual-machine kernel: SRAT: PXM 0 -> APIC 0x17 -> Node 0
4月 27 11:30:00 xuxubaobao-virtual-machine kernel: SRAT: PXM 0 -> APIC 0x18 -> Node 0
4月 27 11:30:00 xuxubaobao-virtual-machine kernel: SRAT: PXM 0 -> APIC 0x19 -> Node 0
4月 27 11:30:00 xuxubaobao-virtual-machine kernel: SRAT: PXM 0 -> APIC 0x1a -> Node 0
4月 27 11:30:00 xuxubaobao-virtual-machine kernel: SRAT: PXM 0 -> APIC 0x1b -> Node 0
4月 27 11:30:00 xuxubaobao-virtual-machine kernel: SRAT: PXM 0 -> APIC 0x1c -> Node 0
4月 27 11:30:00 xuxubaobao-virtual-machine kernel: SRAT: PXM 0 -> APIC 0x1d -> Node 0
4月 27 11:30:00 xuxubaobao-virtual-machine kernel: SRAT: PXM 0 -> APIC 0x1e -> Node 0
4月 27 11:30:00 xuxubaobao-virtual-machine kernel: SRAT: PXM 0 -> APIC 0x1f -> Node 0
4月 27 11:30:00 xuxubaobao-virtual-machine kernel: SRAT: PXM 0 -> APIC 0x20 -> Node 0
4月 27 11:30:00 xuxubaobao-virtual-machine kernel: SRAT: PXM 0 -> APIC 0x21 -> Node 0
4月 27 11:30:00 xuxubaobao-virtual-machine kernel: SRAT: PXM 0 -> APIC 0x22 -> Node 0
4月 27 11:30:00 xuxubaobao-virtual-machine kernel: SRAT: PXM 0 -> APIC 0x23 -> Node 0
4月 27 11:30:00 xuxubaobao-virtual-machine kernel: SRAT: PXM 0 -> APIC 0x24 -> Node 0
4月 27 11:30:00 xuxubaobao-virtual-machine kernel: SRAT: PXM 0 -> APIC 0x25 -> Node 0
4月 27 11:30:00 xuxubaobao-virtual-machine kernel: SRAT: PXM 0 -> APIC 0x26 -> Node 0
4月 27 11:30:00 xuxubaobao-virtual-machine kernel: SRAT: PXM 0 -> APIC 0x27 -> Node 0
4月 27 11:30:00 xuxubaobao-virtual-machine kernel: SRAT: PXM 0 -> APIC 0x28 -> Node 0
4月 27 11:30:00 xuxubaobao-virtual-machine kernel: SRAT: PXM 0 -> APIC 0x29 -> Node 0
4月 27 11:30:00 xuxubaobao-virtual-machine kernel: SRAT: PXM 0 -> APIC 0x2a -> Node 0
4月 27 11:30:00 xuxubaobao-virtual-machine kernel: SRAT: PXM 0 -> APIC 0x2b -> Node 0
4月 27 11:30:00 xuxubaobao-virtual-machine kernel: SRAT: PXM 0 -> APIC 0x2c -> Node 0
4月 27 11:30:00 xuxubaobao-virtual-machine kernel: SRAT: PXM 0 -> APIC 0x2d -> Node 0
4月 27 11:30:00 xuxubaobao-virtual-machine kernel: SRAT: PXM 0 -> APIC 0x2e -> Node 0
4月 27 11:30:00 xuxubaobao-virtual-machine kernel: SRAT: PXM 0 -> APIC 0x2f -> Node 0
4月 27 11:30:00 xuxubaobao-virtual-machine kernel: SRAT: PXM 0 -> APIC 0x30 -> Node 0
4月 27 11:30:00 xuxubaobao-virtual-machine kernel: SRAT: PXM 0 -> APIC 0x31 -> Node 0
4月 27 11:30:00 xuxubaobao-virtual-machine kernel: SRAT: PXM 0 -> APIC 0x32 -> Node 0
4月 27 11:30:00 xuxubaobao-virtual-machine kernel: SRAT: PXM 0 -> APIC 0x33 -> Node 0
4月 27 11:30:00 xuxubaobao-virtual-machine kernel: SRAT: PXM 0 -> APIC 0x34 -> Node 0
4月 27 11:30:00 xuxubaobao-virtual-machine kernel: SRAT: PXM 0 -> APIC 0x35 -> Node 0
4月 27 11:30:00 xuxubaobao-virtual-machine kernel: SRAT: PXM 0 -> APIC 0x36 -> Node 0
4月 27 11:30:00 xuxubaobao-virtual-machine kernel: SRAT: PXM 0 -> APIC 0x37 -> Node 0
4月 27 11:30:00 xuxubaobao-virtual-machine kernel: SRAT: PXM 0 -> APIC 0x38 -> Node 0
4月 27 11:30:00 xuxubaobao-virtual-machine kernel: SRAT: PXM 0 -> APIC 0x39 -> Node 0
4月 27 11:30:00 xuxubaobao-virtual-machine kernel: SRAT: PXM 0 -> APIC 0x3a -> Node 0
4月 27 11:30:00 xuxubaobao-virtual-machine kernel: SRAT: PXM 0 -> APIC 0x3b -> Node 0
4月 27 11:30:00 xuxubaobao-virtual-machine kernel: SRAT: PXM 0 -> APIC 0x3c -> Node 0
4月 27 11:30:00 xuxubaobao-virtual-machine kernel: SRAT: PXM 0 -> APIC 0x3d -> Node 0
4月 27 11:30:00 xuxubaobao-virtual-machine kernel: SRAT: PXM 0 -> APIC 0x3e -> Node 0
4月 27 11:30:00 xuxubaobao-virtual-machine kernel: SRAT: PXM 0 -> APIC 0x3f -> Node 0
4月 27 11:30:00 xuxubaobao-virtual-machine kernel: SRAT: PXM 0 -> APIC 0x40 -> Node 0
4月 27 11:30:00 xuxubaobao-virtual-machine kernel: SRAT: PXM 0 -> APIC 0x41 -> Node 0
4月 27 11:30:00 xuxubaobao-virtual-machine kernel: SRAT: PXM 0 -> APIC 0x42 -> Node 0
4月 27 11:30:00 xuxubaobao-virtual-machine kernel: SRAT: PXM 0 -> APIC 0x43 -> Node 0
4月 27 11:30:00 xuxubaobao-virtual-machine kernel: SRAT: PXM 0 -> APIC 0x44 -> Node 0
4月 27 11:30:00 xuxubaobao-virtual-machine kernel: SRAT: PXM 0 -> APIC 0x45 -> Node 0
4月 27 11:30:00 xuxubaobao-virtual-machine kernel: SRAT: PXM 0 -> APIC 0x46 -> Node 0
4月 27 11:30:00 xuxubaobao-virtual-machine kernel: SRAT: PXM 0 -> APIC 0x47 -> Node 0
4月 27 11:30:00 xuxubaobao-virtual-machine kernel: SRAT: PXM 0 -> APIC 0x48 -> Node 0
4月 27 11:30:00 xuxubaobao-virtual-machine kernel: SRAT: PXM 0 -> APIC 0x49 -> Node 0
4月 27 11:30:00 xuxubaobao-virtual-machine kernel: SRAT: PXM 0 -> APIC 0x4a -> Node 0
4月 27 11:30:00 xuxubaobao-virtual-machine kernel: SRAT: PXM 0 -> APIC 0x4b -> Node 0
4月 27 11:30:00 xuxubaobao-virtual-machine kernel: SRAT: PXM 0 -> APIC 0x4c -> Node 0
4月 27 11:30:00 xuxubaobao-virtual-machine kernel: SRAT: PXM 0 -> APIC 0x4d -> Node 0
4月 27 11:30:00 xuxubaobao-virtual-machine kernel: SRAT: PXM 0 -> APIC 0x4e -> Node 0
4月 27 11:30:00 xuxubaobao-virtual-machine kernel: SRAT: PXM 0 -> APIC 0x4f -> Node 0
4月 27 11:30:00 xuxubaobao-virtual-machine kernel: SRAT: PXM 0 -> APIC 0x50 -> Node 0
4月 27 11:30:00 xuxubaobao-virtual-machine kernel: SRAT: PXM 0 -> APIC 0x51 -> Node 0
4月 27 11:30:00 xuxubaobao-virtual-machine kernel: SRAT: PXM 0 -> APIC 0x52 -> Node 0
4月 27 11:30:00 xuxubaobao-virtual-machine kernel: SRAT: PXM 0 -> APIC 0x53 -> Node 0
4月 27 11:30:00 xuxubaobao-virtual-machine kernel: SRAT: PXM 0 -> APIC 0x54 -> Node 0
4月 27 11:30:00 xuxubaobao-virtual-machine kernel: SRAT: PXM 0 -> APIC 0x55 -> Node 0
4月 27 11:30:00 xuxubaobao-virtual-machine kernel: SRAT: PXM 0 -> APIC 0x56 -> Node 0
4月 27 11:30:00 xuxubaobao-virtual-machine kernel: SRAT: PXM 0 -> APIC 0x57 -> Node 0
4月 27 11:30:00 xuxubaobao-virtual-machine kernel: SRAT: PXM 0 -> APIC 0x58 -> Node 0
4月 27 11:30:00 xuxubaobao-virtual-machine kernel: SRAT: PXM 0 -> APIC 0x59 -> Node 0
4月 27 11:30:00 xuxubaobao-virtual-machine kernel: SRAT: PXM 0 -> APIC 0x5a -> Node 0
4月 27 11:30:00 xuxubaobao-virtual-machine kernel: SRAT: PXM 0 -> APIC 0x5b -> Node 0
4月 27 11:30:00 xuxubaobao-virtual-machine kernel: SRAT: PXM 0 -> APIC 0x5c -> Node 0
4月 27 11:30:00 xuxubaobao-virtual-machine kernel: SRAT: PXM 0 -> APIC 0x5d -> Node 0
4月 27 11:30:00 xuxubaobao-virtual-machine kernel: SRAT: PXM 0 -> APIC 0x5e -> Node 0
4月 27 11:30:00 xuxubaobao-virtual-machine kernel: SRAT: PXM 0 -> APIC 0x5f -> Node 0
4月 27 11:30:00 xuxubaobao-virtual-machine kernel: SRAT: PXM 0 -> APIC 0x60 -> Node 0
4月 27 11:30:00 xuxubaobao-virtual-machine kernel: SRAT: PXM 0 -> APIC 0x61 -> Node 0
4月 27 11:30:00 xuxubaobao-virtual-machine kernel: SRAT: PXM 0 -> APIC 0x62 -> Node 0
4月 27 11:30:00 xuxubaobao-virtual-machine kernel: SRAT: PXM 0 -> APIC 0x63 -> Node 0
4月 27 11:30:00 xuxubaobao-virtual-machine kernel: SRAT: PXM 0 -> APIC 0x64 -> Node 0
4月 27 11:30:00 xuxubaobao-virtual-machine kernel: SRAT: PXM 0 -> APIC 0x65 -> Node 0
4月 27 11:30:00 xuxubaobao-virtual-machine kernel: SRAT: PXM 0 -> APIC 0x66 -> Node 0
4月 27 11:30:00 xuxubaobao-virtual-machine kernel: SRAT: PXM 0 -> APIC 0x67 -> Node 0
4月 27 11:30:00 xuxubaobao-virtual-machine kernel: SRAT: PXM 0 -> APIC 0x68 -> Node 0
4月 27 11:30:00 xuxubaobao-virtual-machine kernel: SRAT: PXM 0 -> APIC 0x69 -> Node 0
4月 27 11:30:00 xuxubaobao-virtual-machine kernel: SRAT: PXM 0 -> APIC 0x6a -> Node 0
4月 27 11:30:00 xuxubaobao-virtual-machine kernel: SRAT: PXM 0 -> APIC 0x6b -> Node 0
4月 27 11:30:00 xuxubaobao-virtual-machine kernel: SRAT: PXM 0 -> APIC 0x6c -> Node 0
4月 27 11:30:00 xuxubaobao-virtual-machine kernel: SRAT: PXM 0 -> APIC 0x6d -> Node 0
4月 27 11:30:00 xuxubaobao-virtual-machine kernel: SRAT: PXM 0 -> APIC 0x6e -> Node 0
4月 27 11:30:00 xuxubaobao-virtual-machine kernel: SRAT: PXM 0 -> APIC 0x6f -> Node 0
4月 27 11:30:00 xuxubaobao-virtual-machine kernel: SRAT: PXM 0 -> APIC 0x70 -> Node 0
4月 27 11:30:00 xuxubaobao-virtual-machine kernel: SRAT: PXM 0 -> APIC 0x71 -> Node 0
4月 27 11:30:00 xuxubaobao-virtual-machine kernel: SRAT: PXM 0 -> APIC 0x72 -> Node 0
4月 27 11:30:00 xuxubaobao-virtual-machine kernel: SRAT: PXM 0 -> APIC 0x73 -> Node 0
4月 27 11:30:00 xuxubaobao-virtual-machine kernel: SRAT: PXM 0 -> APIC 0x74 -> Node 0
4月 27 11:30:00 xuxubaobao-virtual-machine kernel: SRAT: PXM 0 -> APIC 0x75 -> Node 0
4月 27 11:30:00 xuxubaobao-virtual-machine kernel: SRAT: PXM 0 -> APIC 0x76 -> Node 0
4月 27 11:30:00 xuxubaobao-virtual-machine kernel: SRAT: PXM 0 -> APIC 0x77 -> Node 0
4月 27 11:30:00 xuxubaobao-virtual-machine kernel: SRAT: PXM 0 -> APIC 0x78 -> Node 0
4月 27 11:30:00 xuxubaobao-virtual-machine kernel: SRAT: PXM 0 -> APIC 0x79 -> Node 0
4月 27 11:30:00 xuxubaobao-virtual-machine kernel: SRAT: PXM 0 -> APIC 0x7a -> Node 0
4月 27 11:30:00 xuxubaobao-virtual-machine kernel: SRAT: PXM 0 -> APIC 0x7b -> Node 0
4月 27 11:30:00 xuxubaobao-virtual-machine kernel: SRAT: PXM 0 -> APIC 0x7c -> Node 0
4月 27 11:30:00 xuxubaobao-virtual-machine kernel: SRAT: PXM 0 -> APIC 0x7d -> Node 0
4月 27 11:30:00 xuxubaobao-virtual-machine kernel: SRAT: PXM 0 -> APIC 0x7e -> Node 0
4月 27 11:30:00 xuxubaobao-virtual-machine kernel: SRAT: PXM 0 -> APIC 0x7f -> Node 0
4月 27 11:30:00 xuxubaobao-virtual-machine kernel: ACPI: SRAT: Node 0 PXM 0 [mem 0x00000000-0x0009ffff]
4月 27 11:30:00 xuxubaobao-virtual-machine kernel: ACPI: SRAT: Node 0 PXM 0 [mem 0x00100000-0xbfffffff]
4月 27 11:30:00 xuxubaobao-virtual-machine kernel: ACPI: SRAT: Node 0 PXM 0 [mem 0x100000000-0x23fffffff]
4月 27 11:30:00 xuxubaobao-virtual-machine kernel: ACPI: SRAT: Node 0 PXM 0 [mem 0x240000000-0x203fffffff] hotplug
4月 27 11:30:00 xuxubaobao-virtual-machine kernel: NUMA: Node 0 [mem 0x00000000-0x0009ffff] + [mem 0x00100000-0xbfffffff] -> [mem 0x00000000-0xbfffffff]
4月 27 11:30:00 xuxubaobao-virtual-machine kernel: NUMA: Node 0 [mem 0x00000000-0xbfffffff] + [mem 0x100000000-0x23fffffff] -> [mem 0x00000000-0x23fffffff]
4月 27 11:30:00 xuxubaobao-virtual-machine kernel: NODE_DATA(0) allocated [mem 0x23ffd5000-0x23fffffff]
4月 27 11:30:00 xuxubaobao-virtual-machine kernel: Zone ranges:
4月 27 11:30:00 xuxubaobao-virtual-machine kernel:   DMA      [mem 0x0000000000001000-0x0000000000ffffff]
4月 27 11:30:00 xuxubaobao-virtual-machine kernel:   DMA32    [mem 0x0000000001000000-0x00000000ffffffff]
4月 27 11:30:00 xuxubaobao-virtual-machine kernel:   Normal   [mem 0x0000000100000000-0x000000023fffffff]
4月 27 11:30:00 xuxubaobao-virtual-machine kernel:   Device   empty
4月 27 11:30:00 xuxubaobao-virtual-machine kernel: Movable zone start for each node
4月 27 11:30:00 xuxubaobao-virtual-machine kernel: Early memory node ranges
4月 27 11:30:00 xuxubaobao-virtual-machine kernel:   node   0: [mem 0x0000000000001000-0x000000000009dfff]
4月 27 11:30:00 xuxubaobao-virtual-machine kernel:   node   0: [mem 0x0000000000100000-0x00000000bfecffff]
4月 27 11:30:00 xuxubaobao-virtual-machine kernel:   node   0: [mem 0x00000000bff00000-0x00000000bfffffff]
4月 27 11:30:00 xuxubaobao-virtual-machine kernel:   node   0: [mem 0x0000000100000000-0x000000023fffffff]
4月 27 11:30:00 xuxubaobao-virtual-machine kernel: Initmem setup node 0 [mem 0x0000000000001000-0x000000023fffffff]
4月 27 11:30:00 xuxubaobao-virtual-machine kernel: On node 0, zone DMA: 1 pages in unavailable ranges
4月 27 11:30:00 xuxubaobao-virtual-machine kernel: On node 0, zone DMA: 98 pages in unavailable ranges
4月 27 11:30:00 xuxubaobao-virtual-machine kernel: On node 0, zone DMA32: 48 pages in unavailable ranges
4月 27 11:30:00 xuxubaobao-virtual-machine kernel: ACPI: PM-Timer IO Port: 0x1008
4月 27 11:30:00 xuxubaobao-virtual-machine kernel: ACPI: LAPIC_NMI (acpi_id[0x00] high edge lint[0x1])
4月 27 11:30:00 xuxubaobao-virtual-machine kernel: ACPI: LAPIC_NMI (acpi_id[0x01] high edge lint[0x1])
4月 27 11:30:00 xuxubaobao-virtual-machine kernel: ACPI: LAPIC_NMI (acpi_id[0x02] high edge lint[0x1])
4月 27 11:30:00 xuxubaobao-virtual-machine kernel: ACPI: LAPIC_NMI (acpi_id[0x03] high edge lint[0x1])
4月 27 11:30:00 xuxubaobao-virtual-machine kernel: ACPI: LAPIC_NMI (acpi_id[0x04] high edge lint[0x1])
4月 27 11:30:00 xuxubaobao-virtual-machine kernel: ACPI: LAPIC_NMI (acpi_id[0x05] high edge lint[0x1])
4月 27 11:30:00 xuxubaobao-virtual-machine kernel: ACPI: LAPIC_NMI (acpi_id[0x06] high edge lint[0x1])
4月 27 11:30:00 xuxubaobao-virtual-machine kernel: ACPI: LAPIC_NMI (acpi_id[0x07] high edge lint[0x1])
4月 27 11:30:00 xuxubaobao-virtual-machine kernel: ACPI: LAPIC_NMI (acpi_id[0x08] high edge lint[0x1])
4月 27 11:30:00 xuxubaobao-virtual-machine kernel: ACPI: LAPIC_NMI (acpi_id[0x09] high edge lint[0x1])
4月 27 11:30:00 xuxubaobao-virtual-machine kernel: ACPI: LAPIC_NMI (acpi_id[0x0a] high edge lint[0x1])
4月 27 11:30:00 xuxubaobao-virtual-machine kernel: ACPI: LAPIC_NMI (acpi_id[0x0b] high edge lint[0x1])
4月 27 11:30:00 xuxubaobao-virtual-machine kernel: ACPI: LAPIC_NMI (acpi_id[0x0c] high edge lint[0x1])
4月 27 11:30:00 xuxubaobao-virtual-machine kernel: ACPI: LAPIC_NMI (acpi_id[0x0d] high edge lint[0x1])
4月 27 11:30:00 xuxubaobao-virtual-machine kernel: ACPI: LAPIC_NMI (acpi_id[0x0e] high edge lint[0x1])
4月 27 11:30:00 xuxubaobao-virtual-machine kernel: ACPI: LAPIC_NMI (acpi_id[0x0f] high edge lint[0x1])
4月 27 11:30:00 xuxubaobao-virtual-machine kernel: ACPI: LAPIC_NMI (acpi_id[0x10] high edge lint[0x1])
4月 27 11:30:00 xuxubaobao-virtual-machine kernel: ACPI: LAPIC_NMI (acpi_id[0x11] high edge lint[0x1])
4月 27 11:30:00 xuxubaobao-virtual-machine kernel: ACPI: LAPIC_NMI (acpi_id[0x12] high edge lint[0x1])
4月 27 11:30:00 xuxubaobao-virtual-machine kernel: ACPI: LAPIC_NMI (acpi_id[0x13] high edge lint[0x1])
4月 27 11:30:00 xuxubaobao-virtual-machine kernel: ACPI: LAPIC_NMI (acpi_id[0x14] high edge lint[0x1])
4月 27 11:30:00 xuxubaobao-virtual-machine kernel: ACPI: LAPIC_NMI (acpi_id[0x15] high edge lint[0x1])
4月 27 11:30:00 xuxubaobao-virtual-machine kernel: ACPI: LAPIC_NMI (acpi_id[0x16] high edge lint[0x1])
4月 27 11:30:00 xuxubaobao-virtual-machine kernel: ACPI: LAPIC_NMI (acpi_id[0x17] high edge lint[0x1])
4月 27 11:30:00 xuxubaobao-virtual-machine kernel: ACPI: LAPIC_NMI (acpi_id[0x18] high edge lint[0x1])
4月 27 11:30:00 xuxubaobao-virtual-machine kernel: ACPI: LAPIC_NMI (acpi_id[0x19] high edge lint[0x1])
4月 27 11:30:00 xuxubaobao-virtual-machine kernel: ACPI: LAPIC_NMI (acpi_id[0x1a] high edge lint[0x1])
4月 27 11:30:00 xuxubaobao-virtual-machine kernel: ACPI: LAPIC_NMI (acpi_id[0x1b] high edge lint[0x1])
4月 27 11:30:00 xuxubaobao-virtual-machine kernel: ACPI: LAPIC_NMI (acpi_id[0x1c] high edge lint[0x1])
4月 27 11:30:00 xuxubaobao-virtual-machine kernel: ACPI: LAPIC_NMI (acpi_id[0x1d] high edge lint[0x1])
4月 27 11:30:00 xuxubaobao-virtual-machine kernel: ACPI: LAPIC_NMI (acpi_id[0x1e] high edge lint[0x1])
4月 27 11:30:00 xuxubaobao-virtual-machine kernel: ACPI: LAPIC_NMI (acpi_id[0x1f] high edge lint[0x1])
4月 27 11:30:00 xuxubaobao-virtual-machine kernel: ACPI: LAPIC_NMI (acpi_id[0x20] high edge lint[0x1])
4月 27 11:30:00 xuxubaobao-virtual-machine kernel: ACPI: LAPIC_NMI (acpi_id[0x21] high edge lint[0x1])
4月 27 11:30:00 xuxubaobao-virtual-machine kernel: ACPI: LAPIC_NMI (acpi_id[0x22] high edge lint[0x1])
4月 27 11:30:00 xuxubaobao-virtual-machine kernel: ACPI: LAPIC_NMI (acpi_id[0x23] high edge lint[0x1])
4月 27 11:30:00 xuxubaobao-virtual-machine kernel: ACPI: LAPIC_NMI (acpi_id[0x24] high edge lint[0x1])
4月 27 11:30:00 xuxubaobao-virtual-machine kernel: ACPI: LAPIC_NMI (acpi_id[0x25] high edge lint[0x1])
4月 27 11:30:00 xuxubaobao-virtual-machine kernel: ACPI: LAPIC_NMI (acpi_id[0x26] high edge lint[0x1])
4月 27 11:30:00 xuxubaobao-virtual-machine kernel: ACPI: LAPIC_NMI (acpi_id[0x27] high edge lint[0x1])
4月 27 11:30:00 xuxubaobao-virtual-machine kernel: ACPI: LAPIC_NMI (acpi_id[0x28] high edge lint[0x1])
4月 27 11:30:00 xuxubaobao-virtual-machine kernel: ACPI: LAPIC_NMI (acpi_id[0x29] high edge lint[0x1])
4月 27 11:30:00 xuxubaobao-virtual-machine kernel: ACPI: LAPIC_NMI (acpi_id[0x2a] high edge lint[0x1])
4月 27 11:30:00 xuxubaobao-virtual-machine kernel: ACPI: LAPIC_NMI (acpi_id[0x2b] high edge lint[0x1])
4月 27 11:30:00 xuxubaobao-virtual-machine kernel: ACPI: LAPIC_NMI (acpi_id[0x2c] high edge lint[0x1])
4月 27 11:30:00 xuxubaobao-virtual-machine kernel: ACPI: LAPIC_NMI (acpi_id[0x2d] high edge lint[0x1])
4月 27 11:30:00 xuxubaobao-virtual-machine kernel: ACPI: LAPIC_NMI (acpi_id[0x2e] high edge lint[0x1])
4月 27 11:30:00 xuxubaobao-virtual-machine kernel: ACPI: LAPIC_NMI (acpi_id[0x2f] high edge lint[0x1])
4月 27 11:30:00 xuxubaobao-virtual-machine kernel: ACPI: LAPIC_NMI (acpi_id[0x30] high edge lint[0x1])
4月 27 11:30:00 xuxubaobao-virtual-machine kernel: ACPI: LAPIC_NMI (acpi_id[0x31] high edge lint[0x1])
4月 27 11:30:00 xuxubaobao-virtual-machine kernel: ACPI: LAPIC_NMI (acpi_id[0x32] high edge lint[0x1])
4月 27 11:30:00 xuxubaobao-virtual-machine kernel: ACPI: LAPIC_NMI (acpi_id[0x33] high edge lint[0x1])
4月 27 11:30:00 xuxubaobao-virtual-machine kernel: ACPI: LAPIC_NMI (acpi_id[0x34] high edge lint[0x1])
4月 27 11:30:00 xuxubaobao-virtual-machine kernel: ACPI: LAPIC_NMI (acpi_id[0x35] high edge lint[0x1])
4月 27 11:30:00 xuxubaobao-virtual-machine kernel: ACPI: LAPIC_NMI (acpi_id[0x36] high edge lint[0x1])
4月 27 11:30:00 xuxubaobao-virtual-machine kernel: ACPI: LAPIC_NMI (acpi_id[0x37] high edge lint[0x1])
4月 27 11:30:00 xuxubaobao-virtual-machine kernel: ACPI: LAPIC_NMI (acpi_id[0x38] high edge lint[0x1])
4月 27 11:30:00 xuxubaobao-virtual-machine kernel: ACPI: LAPIC_NMI (acpi_id[0x39] high edge lint[0x1])
4月 27 11:30:00 xuxubaobao-virtual-machine kernel: ACPI: LAPIC_NMI (acpi_id[0x3a] high edge lint[0x1])
4月 27 11:30:00 xuxubaobao-virtual-machine kernel: ACPI: LAPIC_NMI (acpi_id[0x3b] high edge lint[0x1])
4月 27 11:30:00 xuxubaobao-virtual-machine kernel: ACPI: LAPIC_NMI (acpi_id[0x3c] high edge lint[0x1])
4月 27 11:30:00 xuxubaobao-virtual-machine kernel: ACPI: LAPIC_NMI (acpi_id[0x3d] high edge lint[0x1])
4月 27 11:30:00 xuxubaobao-virtual-machine kernel: ACPI: LAPIC_NMI (acpi_id[0x3e] high edge lint[0x1])
4月 27 11:30:00 xuxubaobao-virtual-machine kernel: ACPI: LAPIC_NMI (acpi_id[0x3f] high edge lint[0x1])
4月 27 11:30:00 xuxubaobao-virtual-machine kernel: ACPI: LAPIC_NMI (acpi_id[0x40] high edge lint[0x1])
4月 27 11:30:00 xuxubaobao-virtual-machine kernel: ACPI: LAPIC_NMI (acpi_id[0x41] high edge lint[0x1])
4月 27 11:30:00 xuxubaobao-virtual-machine kernel: ACPI: LAPIC_NMI (acpi_id[0x42] high edge lint[0x1])
4月 27 11:30:00 xuxubaobao-virtual-machine kernel: ACPI: LAPIC_NMI (acpi_id[0x43] high edge lint[0x1])
4月 27 11:30:00 xuxubaobao-virtual-machine kernel: ACPI: LAPIC_NMI (acpi_id[0x44] high edge lint[0x1])
4月 27 11:30:00 xuxubaobao-virtual-machine kernel: ACPI: LAPIC_NMI (acpi_id[0x45] high edge lint[0x1])
4月 27 11:30:00 xuxubaobao-virtual-machine kernel: ACPI: LAPIC_NMI (acpi_id[0x46] high edge lint[0x1])
4月 27 11:30:00 xuxubaobao-virtual-machine kernel: ACPI: LAPIC_NMI (acpi_id[0x47] high edge lint[0x1])
4月 27 11:30:00 xuxubaobao-virtual-machine kernel: ACPI: LAPIC_NMI (acpi_id[0x48] high edge lint[0x1])
4月 27 11:30:00 xuxubaobao-virtual-machine kernel: ACPI: LAPIC_NMI (acpi_id[0x49] high edge lint[0x1])
4月 27 11:30:00 xuxubaobao-virtual-machine kernel: ACPI: LAPIC_NMI (acpi_id[0x4a] high edge lint[0x1])
4月 27 11:30:00 xuxubaobao-virtual-machine kernel: ACPI: LAPIC_NMI (acpi_id[0x4b] high edge lint[0x1])
4月 27 11:30:00 xuxubaobao-virtual-machine kernel: ACPI: LAPIC_NMI (acpi_id[0x4c] high edge lint[0x1])
4月 27 11:30:00 xuxubaobao-virtual-machine kernel: ACPI: LAPIC_NMI (acpi_id[0x4d] high edge lint[0x1])
4月 27 11:30:00 xuxubaobao-virtual-machine kernel: ACPI: LAPIC_NMI (acpi_id[0x4e] high edge lint[0x1])
4月 27 11:30:00 xuxubaobao-virtual-machine kernel: ACPI: LAPIC_NMI (acpi_id[0x4f] high edge lint[0x1])
4月 27 11:30:00 xuxubaobao-virtual-machine kernel: ACPI: LAPIC_NMI (acpi_id[0x50] high edge lint[0x1])
4月 27 11:30:00 xuxubaobao-virtual-machine kernel: ACPI: LAPIC_NMI (acpi_id[0x51] high edge lint[0x1])
4月 27 11:30:00 xuxubaobao-virtual-machine kernel: ACPI: LAPIC_NMI (acpi_id[0x52] high edge lint[0x1])
4月 27 11:30:00 xuxubaobao-virtual-machine kernel: ACPI: LAPIC_NMI (acpi_id[0x53] high edge lint[0x1])
4月 27 11:30:00 xuxubaobao-virtual-machine kernel: ACPI: LAPIC_NMI (acpi_id[0x54] high edge lint[0x1])
4月 27 11:30:00 xuxubaobao-virtual-machine kernel: ACPI: LAPIC_NMI (acpi_id[0x55] high edge lint[0x1])
4月 27 11:30:00 xuxubaobao-virtual-machine kernel: ACPI: LAPIC_NMI (acpi_id[0x56] high edge lint[0x1])
4月 27 11:30:00 xuxubaobao-virtual-machine kernel: ACPI: LAPIC_NMI (acpi_id[0x57] high edge lint[0x1])
4月 27 11:30:00 xuxubaobao-virtual-machine kernel: ACPI: LAPIC_NMI (acpi_id[0x58] high edge lint[0x1])
4月 27 11:30:00 xuxubaobao-virtual-machine kernel: ACPI: LAPIC_NMI (acpi_id[0x59] high edge lint[0x1])
4月 27 11:30:00 xuxubaobao-virtual-machine kernel: ACPI: LAPIC_NMI (acpi_id[0x5a] high edge lint[0x1])
4月 27 11:30:00 xuxubaobao-virtual-machine kernel: ACPI: LAPIC_NMI (acpi_id[0x5b] high edge lint[0x1])
4月 27 11:30:00 xuxubaobao-virtual-machine kernel: ACPI: LAPIC_NMI (acpi_id[0x5c] high edge lint[0x1])
4月 27 11:30:00 xuxubaobao-virtual-machine kernel: ACPI: LAPIC_NMI (acpi_id[0x5d] high edge lint[0x1])
4月 27 11:30:00 xuxubaobao-virtual-machine kernel: ACPI: LAPIC_NMI (acpi_id[0x5e] high edge lint[0x1])
4月 27 11:30:00 xuxubaobao-virtual-machine kernel: ACPI: LAPIC_NMI (acpi_id[0x5f] high edge lint[0x1])
4月 27 11:30:00 xuxubaobao-virtual-machine kernel: ACPI: LAPIC_NMI (acpi_id[0x60] high edge lint[0x1])
4月 27 11:30:00 xuxubaobao-virtual-machine kernel: ACPI: LAPIC_NMI (acpi_id[0x61] high edge lint[0x1])
4月 27 11:30:00 xuxubaobao-virtual-machine kernel: ACPI: LAPIC_NMI (acpi_id[0x62] high edge lint[0x1])
4月 27 11:30:00 xuxubaobao-virtual-machine kernel: ACPI: LAPIC_NMI (acpi_id[0x63] high edge lint[0x1])
4月 27 11:30:00 xuxubaobao-virtual-machine kernel: ACPI: LAPIC_NMI (acpi_id[0x64] high edge lint[0x1])
4月 27 11:30:00 xuxubaobao-virtual-machine kernel: ACPI: LAPIC_NMI (acpi_id[0x65] high edge lint[0x1])
4月 27 11:30:00 xuxubaobao-virtual-machine kernel: ACPI: LAPIC_NMI (acpi_id[0x66] high edge lint[0x1])
4月 27 11:30:00 xuxubaobao-virtual-machine kernel: ACPI: LAPIC_NMI (acpi_id[0x67] high edge lint[0x1])
4月 27 11:30:00 xuxubaobao-virtual-machine kernel: ACPI: LAPIC_NMI (acpi_id[0x68] high edge lint[0x1])
4月 27 11:30:00 xuxubaobao-virtual-machine kernel: ACPI: LAPIC_NMI (acpi_id[0x69] high edge lint[0x1])
4月 27 11:30:00 xuxubaobao-virtual-machine kernel: ACPI: LAPIC_NMI (acpi_id[0x6a] high edge lint[0x1])
4月 27 11:30:00 xuxubaobao-virtual-machine kernel: ACPI: LAPIC_NMI (acpi_id[0x6b] high edge lint[0x1])
4月 27 11:30:00 xuxubaobao-virtual-machine kernel: ACPI: LAPIC_NMI (acpi_id[0x6c] high edge lint[0x1])
4月 27 11:30:00 xuxubaobao-virtual-machine kernel: ACPI: LAPIC_NMI (acpi_id[0x6d] high edge lint[0x1])
4月 27 11:30:00 xuxubaobao-virtual-machine kernel: ACPI: LAPIC_NMI (acpi_id[0x6e] high edge lint[0x1])
4月 27 11:30:00 xuxubaobao-virtual-machine kernel: ACPI: LAPIC_NMI (acpi_id[0x6f] high edge lint[0x1])
4月 27 11:30:00 xuxubaobao-virtual-machine kernel: ACPI: LAPIC_NMI (acpi_id[0x70] high edge lint[0x1])
4月 27 11:30:00 xuxubaobao-virtual-machine kernel: ACPI: LAPIC_NMI (acpi_id[0x71] high edge lint[0x1])
4月 27 11:30:00 xuxubaobao-virtual-machine kernel: ACPI: LAPIC_NMI (acpi_id[0x72] high edge lint[0x1])
4月 27 11:30:00 xuxubaobao-virtual-machine kernel: ACPI: LAPIC_NMI (acpi_id[0x73] high edge lint[0x1])
4月 27 11:30:00 xuxubaobao-virtual-machine kernel: ACPI: LAPIC_NMI (acpi_id[0x74] high edge lint[0x1])
4月 27 11:30:00 xuxubaobao-virtual-machine kernel: ACPI: LAPIC_NMI (acpi_id[0x75] high edge lint[0x1])
4月 27 11:30:00 xuxubaobao-virtual-machine kernel: ACPI: LAPIC_NMI (acpi_id[0x76] high edge lint[0x1])
4月 27 11:30:00 xuxubaobao-virtual-machine kernel: ACPI: LAPIC_NMI (acpi_id[0x77] high edge lint[0x1])
4月 27 11:30:00 xuxubaobao-virtual-machine kernel: ACPI: LAPIC_NMI (acpi_id[0x78] high edge lint[0x1])
4月 27 11:30:00 xuxubaobao-virtual-machine kernel: ACPI: LAPIC_NMI (acpi_id[0x79] high edge lint[0x1])
4月 27 11:30:00 xuxubaobao-virtual-machine kernel: ACPI: LAPIC_NMI (acpi_id[0x7a] high edge lint[0x1])
4月 27 11:30:00 xuxubaobao-virtual-machine kernel: ACPI: LAPIC_NMI (acpi_id[0x7b] high edge lint[0x1])
4月 27 11:30:00 xuxubaobao-virtual-machine kernel: ACPI: LAPIC_NMI (acpi_id[0x7c] high edge lint[0x1])
4月 27 11:30:00 xuxubaobao-virtual-machine kernel: ACPI: LAPIC_NMI (acpi_id[0x7d] high edge lint[0x1])
4月 27 11:30:00 xuxubaobao-virtual-machine kernel: ACPI: LAPIC_NMI (acpi_id[0x7e] high edge lint[0x1])
4月 27 11:30:00 xuxubaobao-virtual-machine kernel: ACPI: LAPIC_NMI (acpi_id[0x7f] high edge lint[0x1])
4月 27 11:30:00 xuxubaobao-virtual-machine kernel: IOAPIC[0]: apic_id 128, version 32, address 0xfec00000, GSI 0-23
4月 27 11:30:00 xuxubaobao-virtual-machine kernel: ACPI: INT_SRC_OVR (bus 0 bus_irq 0 global_irq 2 high edge)
4月 27 11:30:00 xuxubaobao-virtual-machine kernel: ACPI: Using ACPI (MADT) for SMP configuration information
4月 27 11:30:00 xuxubaobao-virtual-machine kernel: ACPI: HPET id: 0x8086af01 base: 0xfed00000
4月 27 11:30:00 xuxubaobao-virtual-machine kernel: smpboot: Allowing 128 CPUs, 124 hotplug CPUs
4月 27 11:30:00 xuxubaobao-virtual-machine kernel: PM: hibernation: Registered nosave memory: [mem 0x00000000-0x00000fff]
4月 27 11:30:00 xuxubaobao-virtual-machine kernel: PM: hibernation: Registered nosave memory: [mem 0x0009e000-0x0009efff]
4月 27 11:30:00 xuxubaobao-virtual-machine kernel: PM: hibernation: Registered nosave memory: [mem 0x0009f000-0x0009ffff]
4月 27 11:30:00 xuxubaobao-virtual-machine kernel: PM: hibernation: Registered nosave memory: [mem 0x000a0000-0x000dbfff]
4月 27 11:30:00 xuxubaobao-virtual-machine kernel: PM: hibernation: Registered nosave memory: [mem 0x000dc000-0x000fffff]
4月 27 11:30:00 xuxubaobao-virtual-machine kernel: PM: hibernation: Registered nosave memory: [mem 0xbfed0000-0xbfefefff]
4月 27 11:30:00 xuxubaobao-virtual-machine kernel: PM: hibernation: Registered nosave memory: [mem 0xbfeff000-0xbfefffff]
4月 27 11:30:00 xuxubaobao-virtual-machine kernel: PM: hibernation: Registered nosave memory: [mem 0xc0000000-0xefffffff]
4月 27 11:30:00 xuxubaobao-virtual-machine kernel: PM: hibernation: Registered nosave memory: [mem 0xf0000000-0xf7ffffff]
4月 27 11:30:00 xuxubaobao-virtual-machine kernel: PM: hibernation: Registered nosave memory: [mem 0xf8000000-0xfebfffff]
4月 27 11:30:00 xuxubaobao-virtual-machine kernel: PM: hibernation: Registered nosave memory: [mem 0xfec00000-0xfec0ffff]
4月 27 11:30:00 xuxubaobao-virtual-machine kernel: PM: hibernation: Registered nosave memory: [mem 0xfec10000-0xfedfffff]
4月 27 11:30:00 xuxubaobao-virtual-machine kernel: PM: hibernation: Registered nosave memory: [mem 0xfee00000-0xfee00fff]
4月 27 11:30:00 xuxubaobao-virtual-machine kernel: PM: hibernation: Registered nosave memory: [mem 0xfee01000-0xfffdffff]
4月 27 11:30:00 xuxubaobao-virtual-machine kernel: PM: hibernation: Registered nosave memory: [mem 0xfffe0000-0xffffffff]
4月 27 11:30:00 xuxubaobao-virtual-machine kernel: [mem 0xc0000000-0xefffffff] available for PCI devices
4月 27 11:30:00 xuxubaobao-virtual-machine kernel: Booting paravirtualized kernel on VMware hypervisor
4月 27 11:30:00 xuxubaobao-virtual-machine kernel: clocksource: refined-jiffies: mask: 0xffffffff max_cycles: 0xffffffff, max_idle_ns: 1910969940391419 ns
4月 27 11:30:00 xuxubaobao-virtual-machine kernel: setup_percpu: NR_CPUS:8192 nr_cpumask_bits:128 nr_cpu_ids:128 nr_node_ids:1
4月 27 11:30:00 xuxubaobao-virtual-machine kernel: percpu: Embedded 86 pages/cpu s229376 r8192 d114688 u524288
4月 27 11:30:00 xuxubaobao-virtual-machine kernel: pcpu-alloc: s229376 r8192 d114688 u524288 alloc=1*2097152
4月 27 11:30:00 xuxubaobao-virtual-machine kernel: pcpu-alloc: [0] 000 001 002 003 [0] 004 005 006 007 
4月 27 11:30:00 xuxubaobao-virtual-machine kernel: pcpu-alloc: [0] 008 009 010 011 [0] 012 013 014 015 
4月 27 11:30:00 xuxubaobao-virtual-machine kernel: pcpu-alloc: [0] 016 017 018 019 [0] 020 021 022 023 
4月 27 11:30:00 xuxubaobao-virtual-machine kernel: pcpu-alloc: [0] 024 025 026 027 [0] 028 029 030 031 
4月 27 11:30:00 xuxubaobao-virtual-machine kernel: pcpu-alloc: [0] 032 033 034 035 [0] 036 037 038 039 
4月 27 11:30:00 xuxubaobao-virtual-machine kernel: pcpu-alloc: [0] 040 041 042 043 [0] 044 045 046 047 
4月 27 11:30:00 xuxubaobao-virtual-machine kernel: pcpu-alloc: [0] 048 049 050 051 [0] 052 053 054 055 
4月 27 11:30:00 xuxubaobao-virtual-machine kernel: pcpu-alloc: [0] 056 057 058 059 [0] 060 061 062 063 
4月 27 11:30:00 xuxubaobao-virtual-machine kernel: pcpu-alloc: [0] 064 065 066 067 [0] 068 069 070 071 
4月 27 11:30:00 xuxubaobao-virtual-machine kernel: pcpu-alloc: [0] 072 073 074 075 [0] 076 077 078 079 
4月 27 11:30:00 xuxubaobao-virtual-machine kernel: pcpu-alloc: [0] 080 081 082 083 [0] 084 085 086 087 
4月 27 11:30:00 xuxubaobao-virtual-machine kernel: pcpu-alloc: [0] 088 089 090 091 [0] 092 093 094 095 
4月 27 11:30:00 xuxubaobao-virtual-machine kernel: pcpu-alloc: [0] 096 097 098 099 [0] 100 101 102 103 
4月 27 11:30:00 xuxubaobao-virtual-machine kernel: pcpu-alloc: [0] 104 105 106 107 [0] 108 109 110 111 
4月 27 11:30:00 xuxubaobao-virtual-machine kernel: pcpu-alloc: [0] 112 113 114 115 [0] 116 117 118 119 
4月 27 11:30:00 xuxubaobao-virtual-machine kernel: pcpu-alloc: [0] 120 121 122 123 [0] 124 125 126 127 
4月 27 11:30:00 xuxubaobao-virtual-machine kernel: Kernel command line: BOOT_IMAGE=/boot/vmlinuz-6.8.0-58-generic root=UUID=f89c4aa5-e038-497e-b02a-17dbf7b9ef2d ro quiet splash
4月 27 11:30:00 xuxubaobao-virtual-machine kernel: Unknown kernel command line parameters "splash BOOT_IMAGE=/boot/vmlinuz-6.8.0-58-generic", will be passed to user space.
4月 27 11:30:00 xuxubaobao-virtual-machine kernel: random: crng init done
4月 27 11:30:00 xuxubaobao-virtual-machine kernel: printk: log_buf_len individual max cpu contribution: 4096 bytes
4月 27 11:30:00 xuxubaobao-virtual-machine kernel: printk: log_buf_len total cpu_extra contributions: 520192 bytes
4月 27 11:30:00 xuxubaobao-virtual-machine kernel: printk: log_buf_len min size: 262144 bytes
4月 27 11:30:00 xuxubaobao-virtual-machine kernel: printk: log_buf_len: 1048576 bytes
4月 27 11:30:00 xuxubaobao-virtual-machine kernel: printk: early log buf free: 227720(86%)
4月 27 11:30:00 xuxubaobao-virtual-machine kernel: Dentry cache hash table entries: 1048576 (order: 11, 8388608 bytes, linear)
4月 27 11:30:00 xuxubaobao-virtual-machine kernel: Inode-cache hash table entries: 524288 (order: 10, 4194304 bytes, linear)
4月 27 11:30:00 xuxubaobao-virtual-machine kernel: Fallback order for Node 0: 0 
4月 27 11:30:00 xuxubaobao-virtual-machine kernel: Built 1 zonelists, mobility grouping on.  Total pages: 2064080
4月 27 11:30:00 xuxubaobao-virtual-machine kernel: Policy zone: Normal
4月 27 11:30:00 xuxubaobao-virtual-machine kernel: mem auto-init: stack:all(zero), heap alloc:on, heap free:off
4月 27 11:30:00 xuxubaobao-virtual-machine kernel: software IO TLB: area num 128.
4月 27 11:30:00 xuxubaobao-virtual-machine kernel: Memory: 8004412K/8388020K available (22528K kernel code, 4435K rwdata, 13948K rodata, 4984K init, 4732K bss, 383348K reserved, 0K cma-reserved)
4月 27 11:30:00 xuxubaobao-virtual-machine kernel: SLUB: HWalign=64, Order=0-3, MinObjects=0, CPUs=128, Nodes=1
4月 27 11:30:00 xuxubaobao-virtual-machine kernel: ftrace: allocating 58152 entries in 228 pages
4月 27 11:30:00 xuxubaobao-virtual-machine kernel: ftrace: allocated 228 pages with 4 groups
4月 27 11:30:00 xuxubaobao-virtual-machine kernel: Dynamic Preempt: voluntary
4月 27 11:30:00 xuxubaobao-virtual-machine kernel: rcu: Preemptible hierarchical RCU implementation.
4月 27 11:30:00 xuxubaobao-virtual-machine kernel: rcu:         RCU restricting CPUs from NR_CPUS=8192 to nr_cpu_ids=128.
4月 27 11:30:00 xuxubaobao-virtual-machine kernel:         Trampoline variant of Tasks RCU enabled.
4月 27 11:30:00 xuxubaobao-virtual-machine kernel:         Rude variant of Tasks RCU enabled.
4月 27 11:30:00 xuxubaobao-virtual-machine kernel:         Tracing variant of Tasks RCU enabled.
4月 27 11:30:00 xuxubaobao-virtual-machine kernel: rcu: RCU calculated value of scheduler-enlistment delay is 100 jiffies.
4月 27 11:30:00 xuxubaobao-virtual-machine kernel: rcu: Adjusting geometry for rcu_fanout_leaf=16, nr_cpu_ids=128
4月 27 11:30:00 xuxubaobao-virtual-machine kernel: NR_IRQS: 524544, nr_irqs: 1448, preallocated irqs: 16
4月 27 11:30:00 xuxubaobao-virtual-machine kernel: rcu: srcu_init: Setting srcu_struct sizes to big.
4月 27 11:30:00 xuxubaobao-virtual-machine kernel: Console: colour VGA+ 80x25
4月 27 11:30:00 xuxubaobao-virtual-machine kernel: printk: legacy console [tty0] enabled
4月 27 11:30:00 xuxubaobao-virtual-machine kernel: ACPI: Core revision 20230628
4月 27 11:30:00 xuxubaobao-virtual-machine kernel: clocksource: hpet: mask: 0xffffffff max_cycles: 0xffffffff, max_idle_ns: 133484882848 ns
4月 27 11:30:00 xuxubaobao-virtual-machine kernel: APIC: Switch to symmetric I/O mode setup
4月 27 11:30:00 xuxubaobao-virtual-machine kernel: x2apic enabled
4月 27 11:30:00 xuxubaobao-virtual-machine kernel: APIC: Switched APIC routing to: physical x2apic
4月 27 11:30:00 xuxubaobao-virtual-machine kernel: ..TIMER: vector=0x30 apic1=0 pin1=2 apic2=-1 pin2=-1
4月 27 11:30:00 xuxubaobao-virtual-machine kernel: clocksource: tsc-early: mask: 0xffffffffffffffff max_cycles: 0x29b92fd203a, max_idle_ns: 440795232918 ns
4月 27 11:30:00 xuxubaobao-virtual-machine kernel: Calibrating delay loop (skipped) preset value.. 5789.12 BogoMIPS (lpj=2894560)
4月 27 11:30:00 xuxubaobao-virtual-machine kernel: LVT offset 2 assigned for vector 0xf4
4月 27 11:30:00 xuxubaobao-virtual-machine kernel: Last level iTLB entries: 4KB 1024, 2MB 1024, 4MB 512
4月 27 11:30:00 xuxubaobao-virtual-machine kernel: Last level dTLB entries: 4KB 2048, 2MB 2048, 4MB 1024, 1GB 0
4月 27 11:30:00 xuxubaobao-virtual-machine kernel: Spectre V1 : Mitigation: usercopy/swapgs barriers and __user pointer sanitization
4月 27 11:30:00 xuxubaobao-virtual-machine kernel: Spectre V2 : Mitigation: Retpolines
4月 27 11:30:00 xuxubaobao-virtual-machine kernel: Spectre V2 : Spectre v2 / SpectreRSB mitigation: Filling RSB on context switch
4月 27 11:30:00 xuxubaobao-virtual-machine kernel: Spectre V2 : Spectre v2 / SpectreRSB : Filling RSB on VMEXIT
4月 27 11:30:00 xuxubaobao-virtual-machine kernel: Spectre V2 : Enabling Speculation Barrier for firmware calls
4月 27 11:30:00 xuxubaobao-virtual-machine kernel: RETBleed: Mitigation: untrained return thunk
4月 27 11:30:00 xuxubaobao-virtual-machine kernel: Spectre V2 : mitigation: Enabling conditional Indirect Branch Prediction Barrier
4月 27 11:30:00 xuxubaobao-virtual-machine kernel: Speculative Store Bypass: Mitigation: Speculative Store Bypass disabled via prctl
4月 27 11:30:00 xuxubaobao-virtual-machine kernel: Speculative Return Stack Overflow: IBPB-extending microcode not applied!
4月 27 11:30:00 xuxubaobao-virtual-machine kernel: Speculative Return Stack Overflow: WARNING: See https://kernel.org/doc/html/latest/admin-guide/hw-vuln/srso.html for mitigation options.
4月 27 11:30:00 xuxubaobao-virtual-machine kernel: Speculative Return Stack Overflow: Vulnerable: Safe RET, no microcode
4月 27 11:30:00 xuxubaobao-virtual-machine kernel: x86/fpu: Supporting XSAVE feature 0x001: 'x87 floating point registers'
4月 27 11:30:00 xuxubaobao-virtual-machine kernel: x86/fpu: Supporting XSAVE feature 0x002: 'SSE registers'
4月 27 11:30:00 xuxubaobao-virtual-machine kernel: x86/fpu: Supporting XSAVE feature 0x004: 'AVX registers'
4月 27 11:30:00 xuxubaobao-virtual-machine kernel: x86/fpu: xstate_offset[2]:  576, xstate_sizes[2]:  256
4月 27 11:30:00 xuxubaobao-virtual-machine kernel: x86/fpu: Enabled xstate features 0x7, context size is 832 bytes, using 'compacted' format.
4月 27 11:30:00 xuxubaobao-virtual-machine kernel: Freeing SMP alternatives memory: 48K
4月 27 11:30:00 xuxubaobao-virtual-machine kernel: pid_max: default: 131072 minimum: 1024
4月 27 11:30:00 xuxubaobao-virtual-machine kernel: LSM: initializing lsm=lockdown,capability,landlock,yama,apparmor,integrity
4月 27 11:30:00 xuxubaobao-virtual-machine kernel: landlock: Up and running.
4月 27 11:30:00 xuxubaobao-virtual-machine kernel: Yama: becoming mindful.
4月 27 11:30:00 xuxubaobao-virtual-machine kernel: AppArmor: AppArmor initialized
4月 27 11:30:00 xuxubaobao-virtual-machine kernel: Mount-cache hash table entries: 16384 (order: 5, 131072 bytes, linear)
4月 27 11:30:00 xuxubaobao-virtual-machine kernel: Mountpoint-cache hash table entries: 16384 (order: 5, 131072 bytes, linear)
4月 27 11:30:00 xuxubaobao-virtual-machine kernel: smpboot: CPU0: AMD Ryzen 7 4800H with Radeon Graphics (family: 0x17, model: 0x60, stepping: 0x1)
4月 27 11:30:00 xuxubaobao-virtual-machine kernel: RCU Tasks: Setting shift to 7 and lim to 1 rcu_task_cb_adjust=1 rcu_task_cpu_ids=128.
4月 27 11:30:00 xuxubaobao-virtual-machine kernel: RCU Tasks Rude: Setting shift to 7 and lim to 1 rcu_task_cb_adjust=1 rcu_task_cpu_ids=128.
4月 27 11:30:00 xuxubaobao-virtual-machine kernel: RCU Tasks Trace: Setting shift to 7 and lim to 1 rcu_task_cb_adjust=1 rcu_task_cpu_ids=128.
4月 27 11:30:00 xuxubaobao-virtual-machine kernel: Performance Events: AMD PMU driver.
4月 27 11:30:00 xuxubaobao-virtual-machine kernel: ... version:                0
4月 27 11:30:00 xuxubaobao-virtual-machine kernel: ... bit width:              48
4月 27 11:30:00 xuxubaobao-virtual-machine kernel: ... generic registers:      4
4月 27 11:30:00 xuxubaobao-virtual-machine kernel: ... value mask:             0000ffffffffffff
4月 27 11:30:00 xuxubaobao-virtual-machine kernel: ... max period:             00007fffffffffff
4月 27 11:30:00 xuxubaobao-virtual-machine kernel: ... fixed-purpose events:   0
4月 27 11:30:00 xuxubaobao-virtual-machine kernel: ... event mask:             000000000000000f
4月 27 11:30:00 xuxubaobao-virtual-machine kernel: signal: max sigframe size: 1776
4月 27 11:30:00 xuxubaobao-virtual-machine kernel: rcu: Hierarchical SRCU implementation.
4月 27 11:30:00 xuxubaobao-virtual-machine kernel: rcu:         Max phase no-delay instances is 400.
4月 27 11:30:00 xuxubaobao-virtual-machine kernel: NMI watchdog: Enabled. Permanently consumes one hw-PMU counter.
4月 27 11:30:00 xuxubaobao-virtual-machine kernel: smp: Bringing up secondary CPUs ...
4月 27 11:30:00 xuxubaobao-virtual-machine kernel: smpboot: x86: Booting SMP configuration:
4月 27 11:30:00 xuxubaobao-virtual-machine kernel: .... node  #0, CPUs:          #1   #2   #3
4月 27 11:30:00 xuxubaobao-virtual-machine kernel: smp: Brought up 1 node, 4 CPUs
4月 27 11:30:00 xuxubaobao-virtual-machine kernel: smpboot: Max logical packages: 32
4月 27 11:30:00 xuxubaobao-virtual-machine kernel: smpboot: Total of 4 processors activated (23156.48 BogoMIPS)
4月 27 11:30:00 xuxubaobao-virtual-machine kernel: devtmpfs: initialized
4月 27 11:30:00 xuxubaobao-virtual-machine kernel: x86/mm: Memory block size: 128MB
4月 27 11:30:00 xuxubaobao-virtual-machine kernel: ACPI: PM: Registering ACPI NVS region [mem 0xbfeff000-0xbfefffff] (4096 bytes)
4月 27 11:30:00 xuxubaobao-virtual-machine kernel: clocksource: jiffies: mask: 0xffffffff max_cycles: 0xffffffff, max_idle_ns: 1911260446275000 ns
4月 27 11:30:00 xuxubaobao-virtual-machine kernel: futex hash table entries: 32768 (order: 9, 2097152 bytes, linear)
4月 27 11:30:00 xuxubaobao-virtual-machine kernel: pinctrl core: initialized pinctrl subsystem
4月 27 11:30:00 xuxubaobao-virtual-machine kernel: PM: RTC time: 03:29:58, date: 2025-04-27
4月 27 11:30:00 xuxubaobao-virtual-machine kernel: NET: Registered PF_NETLINK/PF_ROUTE protocol family
4月 27 11:30:00 xuxubaobao-virtual-machine kernel: DMA: preallocated 1024 KiB GFP_KERNEL pool for atomic allocations
4月 27 11:30:00 xuxubaobao-virtual-machine kernel: DMA: preallocated 1024 KiB GFP_KERNEL|GFP_DMA pool for atomic allocations
4月 27 11:30:00 xuxubaobao-virtual-machine kernel: DMA: preallocated 1024 KiB GFP_KERNEL|GFP_DMA32 pool for atomic allocations
4月 27 11:30:00 xuxubaobao-virtual-machine kernel: audit: initializing netlink subsys (disabled)
4月 27 11:30:00 xuxubaobao-virtual-machine kernel: audit: type=2000 audit(1745724597.046:1): state=initialized audit_enabled=0 res=1
4月 27 11:30:00 xuxubaobao-virtual-machine kernel: thermal_sys: Registered thermal governor 'fair_share'
4月 27 11:30:00 xuxubaobao-virtual-machine kernel: thermal_sys: Registered thermal governor 'bang_bang'
4月 27 11:30:00 xuxubaobao-virtual-machine kernel: thermal_sys: Registered thermal governor 'step_wise'
4月 27 11:30:00 xuxubaobao-virtual-machine kernel: thermal_sys: Registered thermal governor 'user_space'
4月 27 11:30:00 xuxubaobao-virtual-machine kernel: thermal_sys: Registered thermal governor 'power_allocator'
4月 27 11:30:00 xuxubaobao-virtual-machine kernel: EISA bus registered
4月 27 11:30:00 xuxubaobao-virtual-machine kernel: cpuidle: using governor ladder
4月 27 11:30:00 xuxubaobao-virtual-machine kernel: cpuidle: using governor menu
4月 27 11:30:00 xuxubaobao-virtual-machine kernel: Simple Boot Flag at 0x36 set to 0x80
4月 27 11:30:00 xuxubaobao-virtual-machine kernel: acpiphp: ACPI Hot Plug PCI Controller Driver version: 0.5
4月 27 11:30:00 xuxubaobao-virtual-machine kernel: PCI: ECAM [mem 0xf0000000-0xf7ffffff] (base 0xf0000000) for domain 0000 [bus 00-7f]
4月 27 11:30:00 xuxubaobao-virtual-machine kernel: PCI: Using configuration type 1 for base access
4月 27 11:30:00 xuxubaobao-virtual-machine kernel: kprobes: kprobe jump-optimization is enabled. All kprobes are optimized if possible.
4月 27 11:30:00 xuxubaobao-virtual-machine kernel: HugeTLB: registered 1.00 GiB page size, pre-allocated 0 pages
4月 27 11:30:00 xuxubaobao-virtual-machine kernel: HugeTLB: 16380 KiB vmemmap can be freed for a 1.00 GiB page
4月 27 11:30:00 xuxubaobao-virtual-machine kernel: HugeTLB: registered 2.00 MiB page size, pre-allocated 0 pages
4月 27 11:30:00 xuxubaobao-virtual-machine kernel: HugeTLB: 28 KiB vmemmap can be freed for a 2.00 MiB page
4月 27 11:30:00 xuxubaobao-virtual-machine kernel: ACPI: Added _OSI(Module Device)
4月 27 11:30:00 xuxubaobao-virtual-machine kernel: ACPI: Added _OSI(Processor Device)
4月 27 11:30:00 xuxubaobao-virtual-machine kernel: ACPI: Added _OSI(3.0 _SCP Extensions)
4月 27 11:30:00 xuxubaobao-virtual-machine kernel: ACPI: Added _OSI(Processor Aggregator Device)
4月 27 11:30:00 xuxubaobao-virtual-machine kernel: ACPI: 1 ACPI AML tables successfully acquired and loaded
4月 27 11:30:00 xuxubaobao-virtual-machine kernel: ACPI: [Firmware Bug]: BIOS _OSI(Linux) query ignored
4月 27 11:30:00 xuxubaobao-virtual-machine kernel: ACPI: _OSC evaluation for CPUs failed, trying _PDC
4月 27 11:30:00 xuxubaobao-virtual-machine kernel: ACPI: Interpreter enabled
4月 27 11:30:00 xuxubaobao-virtual-machine kernel: ACPI: PM: (supports S0 S1 S4 S5)
4月 27 11:30:00 xuxubaobao-virtual-machine kernel: ACPI: Using IOAPIC for interrupt routing
4月 27 11:30:00 xuxubaobao-virtual-machine kernel: PCI: Using host bridge windows from ACPI; if necessary, use "pci=nocrs" and report a bug
4月 27 11:30:00 xuxubaobao-virtual-machine kernel: PCI: Using E820 reservations for host bridge windows
4月 27 11:30:00 xuxubaobao-virtual-machine kernel: ACPI: Enabled 4 GPEs in block 00 to 0F
4月 27 11:30:00 xuxubaobao-virtual-machine kernel: ACPI: PCI Root Bridge [PCI0] (domain 0000 [bus 00-7f])
4月 27 11:30:00 xuxubaobao-virtual-machine kernel: acpi PNP0A03:00: _OSC: OS supports [ExtendedConfig ASPM ClockPM Segments MSI EDR HPX-Type3]
4月 27 11:30:00 xuxubaobao-virtual-machine kernel: acpi PNP0A03:00: _OSC: platform does not support [AER LTR DPC]
4月 27 11:30:00 xuxubaobao-virtual-machine kernel: acpi PNP0A03:00: _OSC: OS now controls [PCIeHotplug SHPCHotplug PME PCIeCapability]
4月 27 11:30:00 xuxubaobao-virtual-machine kernel: PCI host bridge to bus 0000:00
4月 27 11:30:00 xuxubaobao-virtual-machine kernel: pci_bus 0000:00: root bus resource [mem 0x000a0000-0x000bffff window]
4月 27 11:30:00 xuxubaobao-virtual-machine kernel: pci_bus 0000:00: root bus resource [mem 0x000d0000-0x000dbfff window]
4月 27 11:30:00 xuxubaobao-virtual-machine kernel: pci_bus 0000:00: root bus resource [mem 0xc0000000-0xfebfffff window]
4月 27 11:30:00 xuxubaobao-virtual-machine kernel: pci_bus 0000:00: root bus resource [io  0x0000-0x0cf7 window]
4月 27 11:30:00 xuxubaobao-virtual-machine kernel: pci_bus 0000:00: root bus resource [io  0x0d00-0xfeff window]
4月 27 11:30:00 xuxubaobao-virtual-machine kernel: pci_bus 0000:00: root bus resource [bus 00-7f]
4月 27 11:30:00 xuxubaobao-virtual-machine kernel: pci 0000:00:00.0: [8086:7190] type 00 class 0x060000 conventional PCI endpoint
4月 27 11:30:00 xuxubaobao-virtual-machine kernel: pci 0000:00:01.0: [8086:7191] type 01 class 0x060400 conventional PCI bridge
4月 27 11:30:00 xuxubaobao-virtual-machine kernel: pci 0000:00:01.0: PCI bridge to [bus 01]
4月 27 11:30:00 xuxubaobao-virtual-machine kernel: pci 0000:00:07.0: [8086:7110] type 00 class 0x060100 conventional PCI endpoint
4月 27 11:30:00 xuxubaobao-virtual-machine kernel: pci 0000:00:07.1: [8086:7111] type 00 class 0x01018a conventional PCI endpoint
4月 27 11:30:00 xuxubaobao-virtual-machine kernel: pci 0000:00:07.1: BAR 4 [io  0x1060-0x106f]
4月 27 11:30:00 xuxubaobao-virtual-machine kernel: pci 0000:00:07.1: BAR 0 [io  0x01f0-0x01f7]: legacy IDE quirk
4月 27 11:30:00 xuxubaobao-virtual-machine kernel: pci 0000:00:07.1: BAR 1 [io  0x03f6]: legacy IDE quirk
4月 27 11:30:00 xuxubaobao-virtual-machine kernel: pci 0000:00:07.1: BAR 2 [io  0x0170-0x0177]: legacy IDE quirk
4月 27 11:30:00 xuxubaobao-virtual-machine kernel: pci 0000:00:07.1: BAR 3 [io  0x0376]: legacy IDE quirk
4月 27 11:30:00 xuxubaobao-virtual-machine kernel: pci 0000:00:07.3: [8086:7113] type 00 class 0x068000 conventional PCI endpoint
4月 27 11:30:00 xuxubaobao-virtual-machine kernel: pci 0000:00:07.3: quirk: [io  0x1000-0x103f] claimed by PIIX4 ACPI
4月 27 11:30:00 xuxubaobao-virtual-machine kernel: pci 0000:00:07.3: quirk: [io  0x1040-0x104f] claimed by PIIX4 SMB
4月 27 11:30:00 xuxubaobao-virtual-machine kernel: pci 0000:00:07.7: [15ad:0740] type 00 class 0x088000 conventional PCI endpoint
4月 27 11:30:00 xuxubaobao-virtual-machine kernel: pci 0000:00:07.7: BAR 0 [io  0x1080-0x10bf]
4月 27 11:30:00 xuxubaobao-virtual-machine kernel: pci 0000:00:07.7: BAR 1 [mem 0xfebfe000-0xfebfffff 64bit]
4月 27 11:30:00 xuxubaobao-virtual-machine kernel: pci 0000:00:0f.0: [15ad:0405] type 00 class 0x030000 conventional PCI endpoint
4月 27 11:30:00 xuxubaobao-virtual-machine kernel: pci 0000:00:0f.0: BAR 0 [io  0x1070-0x107f]
4月 27 11:30:00 xuxubaobao-virtual-machine kernel: pci 0000:00:0f.0: BAR 1 [mem 0xe8000000-0xefffffff pref]
4月 27 11:30:00 xuxubaobao-virtual-machine kernel: pci 0000:00:0f.0: BAR 2 [mem 0xfe000000-0xfe7fffff]
4月 27 11:30:00 xuxubaobao-virtual-machine kernel: pci 0000:00:0f.0: ROM [mem 0x00000000-0x00007fff pref]
4月 27 11:30:00 xuxubaobao-virtual-machine kernel: pci 0000:00:0f.0: Video device with shadowed ROM at [mem 0x000c0000-0x000dffff]
4月 27 11:30:00 xuxubaobao-virtual-machine kernel: pci 0000:00:10.0: [1000:0030] type 00 class 0x010000 conventional PCI endpoint
4月 27 11:30:00 xuxubaobao-virtual-machine kernel: pci 0000:00:10.0: BAR 0 [io  0x1400-0x14ff]
4月 27 11:30:00 xuxubaobao-virtual-machine kernel: pci 0000:00:10.0: BAR 1 [mem 0xfeba0000-0xfebbffff 64bit]
4月 27 11:30:00 xuxubaobao-virtual-machine kernel: pci 0000:00:10.0: BAR 3 [mem 0xfebc0000-0xfebdffff 64bit]
4月 27 11:30:00 xuxubaobao-virtual-machine kernel: pci 0000:00:10.0: ROM [mem 0x00000000-0x00003fff pref]
4月 27 11:30:00 xuxubaobao-virtual-machine kernel: pci 0000:00:11.0: [15ad:0790] type 01 class 0x060401 conventional PCI bridge
4月 27 11:30:00 xuxubaobao-virtual-machine kernel: pci 0000:00:11.0: PCI bridge to [bus 02] (subtractive decode)
4月 27 11:30:00 xuxubaobao-virtual-machine kernel: pci 0000:00:11.0:   bridge window [io  0x2000-0x3fff]
4月 27 11:30:00 xuxubaobao-virtual-machine kernel: pci 0000:00:11.0:   bridge window [mem 0xfd500000-0xfdffffff]
4月 27 11:30:00 xuxubaobao-virtual-machine kernel: pci 0000:00:11.0:   bridge window [mem 0xe7b00000-0xe7ffffff 64bit pref]
4月 27 11:30:00 xuxubaobao-virtual-machine kernel: pci 0000:00:15.0: [15ad:07a0] type 01 class 0x060400 PCIe Root Port
4月 27 11:30:00 xuxubaobao-virtual-machine kernel: pci 0000:00:15.0: PCI bridge to [bus 03]
4月 27 11:30:00 xuxubaobao-virtual-machine kernel: pci 0000:00:15.0:   bridge window [io  0x4000-0x4fff]
4月 27 11:30:00 xuxubaobao-virtual-machine kernel: pci 0000:00:15.0:   bridge window [mem 0xfd400000-0xfd4fffff]
4月 27 11:30:00 xuxubaobao-virtual-machine kernel: pci 0000:00:15.0:   bridge window [mem 0xe7a00000-0xe7afffff 64bit pref]
4月 27 11:30:00 xuxubaobao-virtual-machine kernel: pci 0000:00:15.0: PME# supported from D0 D3hot D3cold
4月 27 11:30:00 xuxubaobao-virtual-machine kernel: pci 0000:00:15.1: [15ad:07a0] type 01 class 0x060400 PCIe Root Port
4月 27 11:30:00 xuxubaobao-virtual-machine kernel: pci 0000:00:15.1: PCI bridge to [bus 04]
4月 27 11:30:00 xuxubaobao-virtual-machine kernel: pci 0000:00:15.1:   bridge window [io  0x8000-0x8fff]
4月 27 11:30:00 xuxubaobao-virtual-machine kernel: pci 0000:00:15.1:   bridge window [mem 0xfd000000-0xfd0fffff]
4月 27 11:30:00 xuxubaobao-virtual-machine kernel: pci 0000:00:15.1:   bridge window [mem 0xe7600000-0xe76fffff 64bit pref]
4月 27 11:30:00 xuxubaobao-virtual-machine kernel: pci 0000:00:15.1: PME# supported from D0 D3hot D3cold
4月 27 11:30:00 xuxubaobao-virtual-machine kernel: pci 0000:00:15.2: [15ad:07a0] type 01 class 0x060400 PCIe Root Port
4月 27 11:30:00 xuxubaobao-virtual-machine kernel: pci 0000:00:15.2: PCI bridge to [bus 05]
4月 27 11:30:00 xuxubaobao-virtual-machine kernel: pci 0000:00:15.2:   bridge window [io  0xc000-0xcfff]
4月 27 11:30:00 xuxubaobao-virtual-machine kernel: pci 0000:00:15.2:   bridge window [mem 0xfcc00000-0xfccfffff]
4月 27 11:30:00 xuxubaobao-virtual-machine kernel: pci 0000:00:15.2:   bridge window [mem 0xe7200000-0xe72fffff 64bit pref]
4月 27 11:30:00 xuxubaobao-virtual-machine kernel: pci 0000:00:15.2: PME# supported from D0 D3hot D3cold
4月 27 11:30:00 xuxubaobao-virtual-machine kernel: pci 0000:00:15.3: [15ad:07a0] type 01 class 0x060400 PCIe Root Port
4月 27 11:30:00 xuxubaobao-virtual-machine kernel: pci 0000:00:15.3: PCI bridge to [bus 06]
4月 27 11:30:00 xuxubaobao-virtual-machine kernel: pci 0000:00:15.3:   bridge window [mem 0xfc800000-0xfc8fffff]
4月 27 11:30:00 xuxubaobao-virtual-machine kernel: pci 0000:00:15.3:   bridge window [mem 0xe6e00000-0xe6efffff 64bit pref]
4月 27 11:30:00 xuxubaobao-virtual-machine kernel: pci 0000:00:15.3: PME# supported from D0 D3hot D3cold
4月 27 11:30:00 xuxubaobao-virtual-machine kernel: pci 0000:00:15.4: [15ad:07a0] type 01 class 0x060400 PCIe Root Port
4月 27 11:30:00 xuxubaobao-virtual-machine kernel: pci 0000:00:15.4: PCI bridge to [bus 07]
4月 27 11:30:00 xuxubaobao-virtual-machine kernel: pci 0000:00:15.4:   bridge window [mem 0xfc400000-0xfc4fffff]
4月 27 11:30:00 xuxubaobao-virtual-machine kernel: pci 0000:00:15.4:   bridge window [mem 0xe6a00000-0xe6afffff 64bit pref]
4月 27 11:30:00 xuxubaobao-virtual-machine kernel: pci 0000:00:15.4: PME# supported from D0 D3hot D3cold
4月 27 11:30:00 xuxubaobao-virtual-machine kernel: pci 0000:00:15.5: [15ad:07a0] type 01 class 0x060400 PCIe Root Port
4月 27 11:30:00 xuxubaobao-virtual-machine kernel: pci 0000:00:15.5: PCI bridge to [bus 08]
4月 27 11:30:00 xuxubaobao-virtual-machine kernel: pci 0000:00:15.5:   bridge window [mem 0xfc000000-0xfc0fffff]
4月 27 11:30:00 xuxubaobao-virtual-machine kernel: pci 0000:00:15.5:   bridge window [mem 0xe6600000-0xe66fffff 64bit pref]
4月 27 11:30:00 xuxubaobao-virtual-machine kernel: pci 0000:00:15.5: PME# supported from D0 D3hot D3cold
4月 27 11:30:00 xuxubaobao-virtual-machine kernel: pci 0000:00:15.6: [15ad:07a0] type 01 class 0x060400 PCIe Root Port
4月 27 11:30:00 xuxubaobao-virtual-machine kernel: pci 0000:00:15.6: PCI bridge to [bus 09]
4月 27 11:30:00 xuxubaobao-virtual-machine kernel: pci 0000:00:15.6:   bridge window [mem 0xfbc00000-0xfbcfffff]
4月 27 11:30:00 xuxubaobao-virtual-machine kernel: pci 0000:00:15.6:   bridge window [mem 0xe6200000-0xe62fffff 64bit pref]
4月 27 11:30:00 xuxubaobao-virtual-machine kernel: pci 0000:00:15.6: PME# supported from D0 D3hot D3cold
4月 27 11:30:00 xuxubaobao-virtual-machine kernel: pci 0000:00:15.7: [15ad:07a0] type 01 class 0x060400 PCIe Root Port
4月 27 11:30:00 xuxubaobao-virtual-machine kernel: pci 0000:00:15.7: PCI bridge to [bus 0a]
4月 27 11:30:00 xuxubaobao-virtual-machine kernel: pci 0000:00:15.7:   bridge window [mem 0xfb800000-0xfb8fffff]
4月 27 11:30:00 xuxubaobao-virtual-machine kernel: pci 0000:00:15.7:   bridge window [mem 0xe5e00000-0xe5efffff 64bit pref]
4月 27 11:30:00 xuxubaobao-virtual-machine kernel: pci 0000:00:15.7: PME# supported from D0 D3hot D3cold
4月 27 11:30:00 xuxubaobao-virtual-machine kernel: pci 0000:00:16.0: [15ad:07a0] type 01 class 0x060400 PCIe Root Port
4月 27 11:30:00 xuxubaobao-virtual-machine kernel: pci 0000:00:16.0: PCI bridge to [bus 0b]
4月 27 11:30:00 xuxubaobao-virtual-machine kernel: pci 0000:00:16.0:   bridge window [io  0x5000-0x5fff]
4月 27 11:30:00 xuxubaobao-virtual-machine kernel: pci 0000:00:16.0:   bridge window [mem 0xfd300000-0xfd3fffff]
4月 27 11:30:00 xuxubaobao-virtual-machine kernel: pci 0000:00:16.0:   bridge window [mem 0xe7900000-0xe79fffff 64bit pref]
4月 27 11:30:00 xuxubaobao-virtual-machine kernel: pci 0000:00:16.0: PME# supported from D0 D3hot D3cold
4月 27 11:30:00 xuxubaobao-virtual-machine kernel: pci 0000:00:16.1: [15ad:07a0] type 01 class 0x060400 PCIe Root Port
4月 27 11:30:00 xuxubaobao-virtual-machine kernel: pci 0000:00:16.1: PCI bridge to [bus 0c]
4月 27 11:30:00 xuxubaobao-virtual-machine kernel: pci 0000:00:16.1:   bridge window [io  0x9000-0x9fff]
4月 27 11:30:00 xuxubaobao-virtual-machine kernel: pci 0000:00:16.1:   bridge window [mem 0xfcf00000-0xfcffffff]
4月 27 11:30:00 xuxubaobao-virtual-machine kernel: pci 0000:00:16.1:   bridge window [mem 0xe7500000-0xe75fffff 64bit pref]
4月 27 11:30:00 xuxubaobao-virtual-machine kernel: pci 0000:00:16.1: PME# supported from D0 D3hot D3cold
4月 27 11:30:00 xuxubaobao-virtual-machine kernel: pci 0000:00:16.2: [15ad:07a0] type 01 class 0x060400 PCIe Root Port
4月 27 11:30:00 xuxubaobao-virtual-machine kernel: pci 0000:00:16.2: PCI bridge to [bus 0d]
4月 27 11:30:00 xuxubaobao-virtual-machine kernel: pci 0000:00:16.2:   bridge window [io  0xd000-0xdfff]
4月 27 11:30:00 xuxubaobao-virtual-machine kernel: pci 0000:00:16.2:   bridge window [mem 0xfcb00000-0xfcbfffff]
4月 27 11:30:00 xuxubaobao-virtual-machine kernel: pci 0000:00:16.2:   bridge window [mem 0xe7100000-0xe71fffff 64bit pref]
4月 27 11:30:00 xuxubaobao-virtual-machine kernel: pci 0000:00:16.2: PME# supported from D0 D3hot D3cold
4月 27 11:30:00 xuxubaobao-virtual-machine kernel: pci 0000:00:16.3: [15ad:07a0] type 01 class 0x060400 PCIe Root Port
4月 27 11:30:00 xuxubaobao-virtual-machine kernel: pci 0000:00:16.3: PCI bridge to [bus 0e]
4月 27 11:30:00 xuxubaobao-virtual-machine kernel: pci 0000:00:16.3:   bridge window [mem 0xfc700000-0xfc7fffff]
4月 27 11:30:00 xuxubaobao-virtual-machine kernel: pci 0000:00:16.3:   bridge window [mem 0xe6d00000-0xe6dfffff 64bit pref]
4月 27 11:30:00 xuxubaobao-virtual-machine kernel: pci 0000:00:16.3: PME# supported from D0 D3hot D3cold
4月 27 11:30:00 xuxubaobao-virtual-machine kernel: pci 0000:00:16.4: [15ad:07a0] type 01 class 0x060400 PCIe Root Port
4月 27 11:30:00 xuxubaobao-virtual-machine kernel: pci 0000:00:16.4: PCI bridge to [bus 0f]
4月 27 11:30:00 xuxubaobao-virtual-machine kernel: pci 0000:00:16.4:   bridge window [mem 0xfc300000-0xfc3fffff]
4月 27 11:30:00 xuxubaobao-virtual-machine kernel: pci 0000:00:16.4:   bridge window [mem 0xe6900000-0xe69fffff 64bit pref]
4月 27 11:30:00 xuxubaobao-virtual-machine kernel: pci 0000:00:16.4: PME# supported from D0 D3hot D3cold
4月 27 11:30:00 xuxubaobao-virtual-machine kernel: pci 0000:00:16.5: [15ad:07a0] type 01 class 0x060400 PCIe Root Port
4月 27 11:30:00 xuxubaobao-virtual-machine kernel: pci 0000:00:16.5: PCI bridge to [bus 10]
4月 27 11:30:00 xuxubaobao-virtual-machine kernel: pci 0000:00:16.5:   bridge window [mem 0xfbf00000-0xfbffffff]
4月 27 11:30:00 xuxubaobao-virtual-machine kernel: pci 0000:00:16.5:   bridge window [mem 0xe6500000-0xe65fffff 64bit pref]
4月 27 11:30:00 xuxubaobao-virtual-machine kernel: pci 0000:00:16.5: PME# supported from D0 D3hot D3cold
4月 27 11:30:00 xuxubaobao-virtual-machine kernel: pci 0000:00:16.6: [15ad:07a0] type 01 class 0x060400 PCIe Root Port
4月 27 11:30:00 xuxubaobao-virtual-machine kernel: pci 0000:00:16.6: PCI bridge to [bus 11]
4月 27 11:30:00 xuxubaobao-virtual-machine kernel: pci 0000:00:16.6:   bridge window [mem 0xfbb00000-0xfbbfffff]
4月 27 11:30:00 xuxubaobao-virtual-machine kernel: pci 0000:00:16.6:   bridge window [mem 0xe6100000-0xe61fffff 64bit pref]
4月 27 11:30:00 xuxubaobao-virtual-machine kernel: pci 0000:00:16.6: PME# supported from D0 D3hot D3cold
4月 27 11:30:00 xuxubaobao-virtual-machine kernel: pci 0000:00:16.7: [15ad:07a0] type 01 class 0x060400 PCIe Root Port
4月 27 11:30:00 xuxubaobao-virtual-machine kernel: pci 0000:00:16.7: PCI bridge to [bus 12]
4月 27 11:30:00 xuxubaobao-virtual-machine kernel: pci 0000:00:16.7:   bridge window [mem 0xfb700000-0xfb7fffff]
4月 27 11:30:00 xuxubaobao-virtual-machine kernel: pci 0000:00:16.7:   bridge window [mem 0xe5d00000-0xe5dfffff 64bit pref]
4月 27 11:30:00 xuxubaobao-virtual-machine kernel: pci 0000:00:16.7: PME# supported from D0 D3hot D3cold
4月 27 11:30:00 xuxubaobao-virtual-machine kernel: pci 0000:00:17.0: [15ad:07a0] type 01 class 0x060400 PCIe Root Port
4月 27 11:30:00 xuxubaobao-virtual-machine kernel: pci 0000:00:17.0: PCI bridge to [bus 13]
4月 27 11:30:00 xuxubaobao-virtual-machine kernel: pci 0000:00:17.0:   bridge window [io  0x6000-0x6fff]
4月 27 11:30:00 xuxubaobao-virtual-machine kernel: pci 0000:00:17.0:   bridge window [mem 0xfd200000-0xfd2fffff]
4月 27 11:30:00 xuxubaobao-virtual-machine kernel: pci 0000:00:17.0:   bridge window [mem 0xe7800000-0xe78fffff 64bit pref]
4月 27 11:30:00 xuxubaobao-virtual-machine kernel: pci 0000:00:17.0: PME# supported from D0 D3hot D3cold
4月 27 11:30:00 xuxubaobao-virtual-machine kernel: pci 0000:00:17.1: [15ad:07a0] type 01 class 0x060400 PCIe Root Port
4月 27 11:30:00 xuxubaobao-virtual-machine kernel: pci 0000:00:17.1: PCI bridge to [bus 14]
4月 27 11:30:00 xuxubaobao-virtual-machine kernel: pci 0000:00:17.1:   bridge window [io  0xa000-0xafff]
4月 27 11:30:00 xuxubaobao-virtual-machine kernel: pci 0000:00:17.1:   bridge window [mem 0xfce00000-0xfcefffff]
4月 27 11:30:00 xuxubaobao-virtual-machine kernel: pci 0000:00:17.1:   bridge window [mem 0xe7400000-0xe74fffff 64bit pref]
4月 27 11:30:00 xuxubaobao-virtual-machine kernel: pci 0000:00:17.1: PME# supported from D0 D3hot D3cold
4月 27 11:30:00 xuxubaobao-virtual-machine kernel: pci 0000:00:17.2: [15ad:07a0] type 01 class 0x060400 PCIe Root Port
4月 27 11:30:00 xuxubaobao-virtual-machine kernel: pci 0000:00:17.2: PCI bridge to [bus 15]
4月 27 11:30:00 xuxubaobao-virtual-machine kernel: pci 0000:00:17.2:   bridge window [io  0xe000-0xefff]
4月 27 11:30:00 xuxubaobao-virtual-machine kernel: pci 0000:00:17.2:   bridge window [mem 0xfca00000-0xfcafffff]
4月 27 11:30:00 xuxubaobao-virtual-machine kernel: pci 0000:00:17.2:   bridge window [mem 0xe7000000-0xe70fffff 64bit pref]
4月 27 11:30:00 xuxubaobao-virtual-machine kernel: pci 0000:00:17.2: PME# supported from D0 D3hot D3cold
4月 27 11:30:00 xuxubaobao-virtual-machine kernel: pci 0000:00:17.3: [15ad:07a0] type 01 class 0x060400 PCIe Root Port
4月 27 11:30:00 xuxubaobao-virtual-machine kernel: pci 0000:00:17.3: PCI bridge to [bus 16]
4月 27 11:30:00 xuxubaobao-virtual-machine kernel: pci 0000:00:17.3:   bridge window [mem 0xfc600000-0xfc6fffff]
4月 27 11:30:00 xuxubaobao-virtual-machine kernel: pci 0000:00:17.3:   bridge window [mem 0xe6c00000-0xe6cfffff 64bit pref]
4月 27 11:30:00 xuxubaobao-virtual-machine kernel: pci 0000:00:17.3: PME# supported from D0 D3hot D3cold
4月 27 11:30:00 xuxubaobao-virtual-machine kernel: pci 0000:00:17.4: [15ad:07a0] type 01 class 0x060400 PCIe Root Port
4月 27 11:30:00 xuxubaobao-virtual-machine kernel: pci 0000:00:17.4: PCI bridge to [bus 17]
4月 27 11:30:00 xuxubaobao-virtual-machine kernel: pci 0000:00:17.4:   bridge window [mem 0xfc200000-0xfc2fffff]
4月 27 11:30:00 xuxubaobao-virtual-machine kernel: pci 0000:00:17.4:   bridge window [mem 0xe6800000-0xe68fffff 64bit pref]
4月 27 11:30:00 xuxubaobao-virtual-machine kernel: pci 0000:00:17.4: PME# supported from D0 D3hot D3cold
4月 27 11:30:00 xuxubaobao-virtual-machine kernel: pci 0000:00:17.5: [15ad:07a0] type 01 class 0x060400 PCIe Root Port
4月 27 11:30:00 xuxubaobao-virtual-machine kernel: pci 0000:00:17.5: PCI bridge to [bus 18]
4月 27 11:30:00 xuxubaobao-virtual-machine kernel: pci 0000:00:17.5:   bridge window [mem 0xfbe00000-0xfbefffff]
4月 27 11:30:00 xuxubaobao-virtual-machine kernel: pci 0000:00:17.5:   bridge window [mem 0xe6400000-0xe64fffff 64bit pref]
4月 27 11:30:00 xuxubaobao-virtual-machine kernel: pci 0000:00:17.5: PME# supported from D0 D3hot D3cold
4月 27 11:30:00 xuxubaobao-virtual-machine kernel: pci 0000:00:17.6: [15ad:07a0] type 01 class 0x060400 PCIe Root Port
4月 27 11:30:00 xuxubaobao-virtual-machine kernel: pci 0000:00:17.6: PCI bridge to [bus 19]
4月 27 11:30:00 xuxubaobao-virtual-machine kernel: pci 0000:00:17.6:   bridge window [mem 0xfba00000-0xfbafffff]
4月 27 11:30:00 xuxubaobao-virtual-machine kernel: pci 0000:00:17.6:   bridge window [mem 0xe6000000-0xe60fffff 64bit pref]
4月 27 11:30:00 xuxubaobao-virtual-machine kernel: pci 0000:00:17.6: PME# supported from D0 D3hot D3cold
4月 27 11:30:00 xuxubaobao-virtual-machine kernel: pci 0000:00:17.7: [15ad:07a0] type 01 class 0x060400 PCIe Root Port
4月 27 11:30:00 xuxubaobao-virtual-machine kernel: pci 0000:00:17.7: PCI bridge to [bus 1a]
4月 27 11:30:00 xuxubaobao-virtual-machine kernel: pci 0000:00:17.7:   bridge window [mem 0xfb600000-0xfb6fffff]
4月 27 11:30:00 xuxubaobao-virtual-machine kernel: pci 0000:00:17.7:   bridge window [mem 0xe5c00000-0xe5cfffff 64bit pref]
4月 27 11:30:00 xuxubaobao-virtual-machine kernel: pci 0000:00:17.7: PME# supported from D0 D3hot D3cold
4月 27 11:30:00 xuxubaobao-virtual-machine kernel: pci 0000:00:18.0: [15ad:07a0] type 01 class 0x060400 PCIe Root Port
4月 27 11:30:00 xuxubaobao-virtual-machine kernel: pci 0000:00:18.0: PCI bridge to [bus 1b]
4月 27 11:30:00 xuxubaobao-virtual-machine kernel: pci 0000:00:18.0:   bridge window [io  0x7000-0x7fff]
4月 27 11:30:00 xuxubaobao-virtual-machine kernel: pci 0000:00:18.0:   bridge window [mem 0xfd100000-0xfd1fffff]
4月 27 11:30:00 xuxubaobao-virtual-machine kernel: pci 0000:00:18.0:   bridge window [mem 0xe7700000-0xe77fffff 64bit pref]
4月 27 11:30:00 xuxubaobao-virtual-machine kernel: pci 0000:00:18.0: PME# supported from D0 D3hot D3cold
4月 27 11:30:00 xuxubaobao-virtual-machine kernel: pci 0000:00:18.1: [15ad:07a0] type 01 class 0x060400 PCIe Root Port
4月 27 11:30:00 xuxubaobao-virtual-machine kernel: pci 0000:00:18.1: PCI bridge to [bus 1c]
4月 27 11:30:00 xuxubaobao-virtual-machine kernel: pci 0000:00:18.1:   bridge window [io  0xb000-0xbfff]
4月 27 11:30:00 xuxubaobao-virtual-machine kernel: pci 0000:00:18.1:   bridge window [mem 0xfcd00000-0xfcdfffff]
4月 27 11:30:00 xuxubaobao-virtual-machine kernel: pci 0000:00:18.1:   bridge window [mem 0xe7300000-0xe73fffff 64bit pref]
4月 27 11:30:00 xuxubaobao-virtual-machine kernel: pci 0000:00:18.1: PME# supported from D0 D3hot D3cold
4月 27 11:30:00 xuxubaobao-virtual-machine kernel: pci 0000:00:18.2: [15ad:07a0] type 01 class 0x060400 PCIe Root Port
4月 27 11:30:00 xuxubaobao-virtual-machine kernel: pci 0000:00:18.2: PCI bridge to [bus 1d]
4月 27 11:30:00 xuxubaobao-virtual-machine kernel: pci 0000:00:18.2:   bridge window [mem 0xfc900000-0xfc9fffff]
4月 27 11:30:00 xuxubaobao-virtual-machine kernel: pci 0000:00:18.2:   bridge window [mem 0xe6f00000-0xe6ffffff 64bit pref]
4月 27 11:30:00 xuxubaobao-virtual-machine kernel: pci 0000:00:18.2: PME# supported from D0 D3hot D3cold
4月 27 11:30:00 xuxubaobao-virtual-machine kernel: pci 0000:00:18.3: [15ad:07a0] type 01 class 0x060400 PCIe Root Port
4月 27 11:30:00 xuxubaobao-virtual-machine kernel: pci 0000:00:18.3: PCI bridge to [bus 1e]
4月 27 11:30:00 xuxubaobao-virtual-machine kernel: pci 0000:00:18.3:   bridge window [mem 0xfc500000-0xfc5fffff]
4月 27 11:30:00 xuxubaobao-virtual-machine kernel: pci 0000:00:18.3:   bridge window [mem 0xe6b00000-0xe6bfffff 64bit pref]
4月 27 11:30:00 xuxubaobao-virtual-machine kernel: pci 0000:00:18.3: PME# supported from D0 D3hot D3cold
4月 27 11:30:00 xuxubaobao-virtual-machine kernel: pci 0000:00:18.4: [15ad:07a0] type 01 class 0x060400 PCIe Root Port
4月 27 11:30:00 xuxubaobao-virtual-machine kernel: pci 0000:00:18.4: PCI bridge to [bus 1f]
4月 27 11:30:00 xuxubaobao-virtual-machine kernel: pci 0000:00:18.4:   bridge window [mem 0xfc100000-0xfc1fffff]
4月 27 11:30:00 xuxubaobao-virtual-machine kernel: pci 0000:00:18.4:   bridge window [mem 0xe6700000-0xe67fffff 64bit pref]
4月 27 11:30:00 xuxubaobao-virtual-machine kernel: pci 0000:00:18.4: PME# supported from D0 D3hot D3cold
4月 27 11:30:00 xuxubaobao-virtual-machine kernel: pci 0000:00:18.5: [15ad:07a0] type 01 class 0x060400 PCIe Root Port
4月 27 11:30:00 xuxubaobao-virtual-machine kernel: pci 0000:00:18.5: PCI bridge to [bus 20]
4月 27 11:30:00 xuxubaobao-virtual-machine kernel: pci 0000:00:18.5:   bridge window [mem 0xfbd00000-0xfbdfffff]
4月 27 11:30:00 xuxubaobao-virtual-machine kernel: pci 0000:00:18.5:   bridge window [mem 0xe6300000-0xe63fffff 64bit pref]
4月 27 11:30:00 xuxubaobao-virtual-machine kernel: pci 0000:00:18.5: PME# supported from D0 D3hot D3cold
4月 27 11:30:00 xuxubaobao-virtual-machine kernel: pci 0000:00:18.6: [15ad:07a0] type 01 class 0x060400 PCIe Root Port
4月 27 11:30:00 xuxubaobao-virtual-machine kernel: pci 0000:00:18.6: PCI bridge to [bus 21]
4月 27 11:30:00 xuxubaobao-virtual-machine kernel: pci 0000:00:18.6:   bridge window [mem 0xfb900000-0xfb9fffff]
4月 27 11:30:00 xuxubaobao-virtual-machine kernel: pci 0000:00:18.6:   bridge window [mem 0xe5f00000-0xe5ffffff 64bit pref]
4月 27 11:30:00 xuxubaobao-virtual-machine kernel: pci 0000:00:18.6: PME# supported from D0 D3hot D3cold
4月 27 11:30:00 xuxubaobao-virtual-machine kernel: pci 0000:00:18.7: [15ad:07a0] type 01 class 0x060400 PCIe Root Port
4月 27 11:30:00 xuxubaobao-virtual-machine kernel: pci 0000:00:18.7: PCI bridge to [bus 22]
4月 27 11:30:00 xuxubaobao-virtual-machine kernel: pci 0000:00:18.7:   bridge window [mem 0xfb500000-0xfb5fffff]
4月 27 11:30:00 xuxubaobao-virtual-machine kernel: pci 0000:00:18.7:   bridge window [mem 0xe5b00000-0xe5bfffff 64bit pref]
4月 27 11:30:00 xuxubaobao-virtual-machine kernel: pci 0000:00:18.7: PME# supported from D0 D3hot D3cold
4月 27 11:30:00 xuxubaobao-virtual-machine kernel: pci_bus 0000:01: extended config space not accessible
4月 27 11:30:00 xuxubaobao-virtual-machine kernel: pci 0000:00:01.0: PCI bridge to [bus 01]
4月 27 11:30:00 xuxubaobao-virtual-machine kernel: pci_bus 0000:02: extended config space not accessible
4月 27 11:30:00 xuxubaobao-virtual-machine kernel: acpiphp: Slot [32] registered
4月 27 11:30:00 xuxubaobao-virtual-machine kernel: acpiphp: Slot [33] registered
4月 27 11:30:00 xuxubaobao-virtual-machine kernel: acpiphp: Slot [34] registered
4月 27 11:30:00 xuxubaobao-virtual-machine kernel: acpiphp: Slot [35] registered
4月 27 11:30:00 xuxubaobao-virtual-machine kernel: acpiphp: Slot [36] registered
4月 27 11:30:00 xuxubaobao-virtual-machine kernel: acpiphp: Slot [37] registered
4月 27 11:30:00 xuxubaobao-virtual-machine kernel: acpiphp: Slot [38] registered
4月 27 11:30:00 xuxubaobao-virtual-machine kernel: acpiphp: Slot [39] registered
4月 27 11:30:00 xuxubaobao-virtual-machine kernel: acpiphp: Slot [40] registered
4月 27 11:30:00 xuxubaobao-virtual-machine kernel: acpiphp: Slot [41] registered
4月 27 11:30:00 xuxubaobao-virtual-machine kernel: acpiphp: Slot [42] registered
4月 27 11:30:00 xuxubaobao-virtual-machine kernel: acpiphp: Slot [43] registered
4月 27 11:30:00 xuxubaobao-virtual-machine kernel: acpiphp: Slot [44] registered
4月 27 11:30:00 xuxubaobao-virtual-machine kernel: acpiphp: Slot [45] registered
4月 27 11:30:00 xuxubaobao-virtual-machine kernel: acpiphp: Slot [46] registered
4月 27 11:30:00 xuxubaobao-virtual-machine kernel: acpiphp: Slot [47] registered
4月 27 11:30:00 xuxubaobao-virtual-machine kernel: acpiphp: Slot [48] registered
4月 27 11:30:00 xuxubaobao-virtual-machine kernel: acpiphp: Slot [49] registered
4月 27 11:30:00 xuxubaobao-virtual-machine kernel: acpiphp: Slot [50] registered
4月 27 11:30:00 xuxubaobao-virtual-machine kernel: acpiphp: Slot [51] registered
4月 27 11:30:00 xuxubaobao-virtual-machine kernel: acpiphp: Slot [52] registered
4月 27 11:30:00 xuxubaobao-virtual-machine kernel: acpiphp: Slot [53] registered
4月 27 11:30:00 xuxubaobao-virtual-machine kernel: acpiphp: Slot [54] registered
4月 27 11:30:00 xuxubaobao-virtual-machine kernel: acpiphp: Slot [55] registered
4月 27 11:30:00 xuxubaobao-virtual-machine kernel: acpiphp: Slot [56] registered
4月 27 11:30:00 xuxubaobao-virtual-machine kernel: acpiphp: Slot [57] registered
4月 27 11:30:00 xuxubaobao-virtual-machine kernel: acpiphp: Slot [58] registered
4月 27 11:30:00 xuxubaobao-virtual-machine kernel: acpiphp: Slot [59] registered
4月 27 11:30:00 xuxubaobao-virtual-machine kernel: acpiphp: Slot [60] registered
4月 27 11:30:00 xuxubaobao-virtual-machine kernel: acpiphp: Slot [61] registered
4月 27 11:30:00 xuxubaobao-virtual-machine kernel: acpiphp: Slot [62] registered
4月 27 11:30:00 xuxubaobao-virtual-machine kernel: acpiphp: Slot [63] registered
4月 27 11:30:00 xuxubaobao-virtual-machine kernel: pci 0000:02:00.0: [15ad:0774] type 00 class 0x0c0300 conventional PCI endpoint
4月 27 11:30:00 xuxubaobao-virtual-machine kernel: pci 0000:02:00.0: BAR 4 [io  0x2080-0x209f]
4月 27 11:30:00 xuxubaobao-virtual-machine kernel: pci 0000:02:01.0: [8086:100f] type 00 class 0x020000 conventional PCI endpoint
4月 27 11:30:00 xuxubaobao-virtual-machine kernel: pci 0000:02:01.0: BAR 0 [mem 0xfd5c0000-0xfd5dffff 64bit]
4月 27 11:30:00 xuxubaobao-virtual-machine kernel: pci 0000:02:01.0: BAR 2 [mem 0xfdff0000-0xfdffffff 64bit]
4月 27 11:30:00 xuxubaobao-virtual-machine kernel: pci 0000:02:01.0: BAR 4 [io  0x2000-0x203f]
4月 27 11:30:00 xuxubaobao-virtual-machine kernel: pci 0000:02:01.0: ROM [mem 0x00000000-0x0000ffff pref]
4月 27 11:30:00 xuxubaobao-virtual-machine kernel: pci 0000:02:01.0: PME# supported from D0 D3hot D3cold
4月 27 11:30:00 xuxubaobao-virtual-machine kernel: pci 0000:02:02.0: [1274:1371] type 00 class 0x040100 conventional PCI endpoint
4月 27 11:30:00 xuxubaobao-virtual-machine kernel: pci 0000:02:02.0: BAR 0 [io  0x2040-0x207f]
4月 27 11:30:00 xuxubaobao-virtual-machine kernel: pci 0000:02:03.0: [15ad:0770] type 00 class 0x0c0320 conventional PCI endpoint
4月 27 11:30:00 xuxubaobao-virtual-machine kernel: pci 0000:02:03.0: BAR 0 [mem 0xfd5ef000-0xfd5effff]
4月 27 11:30:00 xuxubaobao-virtual-machine kernel: pci 0000:02:04.0: [15ad:07e0] type 00 class 0x010601 conventional PCI endpoint
4月 27 11:30:00 xuxubaobao-virtual-machine kernel: pci 0000:02:04.0: BAR 5 [mem 0xfd5ee000-0xfd5eefff]
4月 27 11:30:00 xuxubaobao-virtual-machine kernel: pci 0000:02:04.0: ROM [mem 0x00000000-0x0000ffff pref]
4月 27 11:30:00 xuxubaobao-virtual-machine kernel: pci 0000:02:04.0: PME# supported from D3hot
4月 27 11:30:00 xuxubaobao-virtual-machine kernel: pci 0000:00:11.0: PCI bridge to [bus 02] (subtractive decode)
4月 27 11:30:00 xuxubaobao-virtual-machine kernel: pci 0000:00:11.0:   bridge window [mem 0x000a0000-0x000bffff window] (subtractive decode)
4月 27 11:30:00 xuxubaobao-virtual-machine kernel: pci 0000:00:11.0:   bridge window [mem 0x000d0000-0x000dbfff window] (subtractive decode)
4月 27 11:30:00 xuxubaobao-virtual-machine kernel: pci 0000:00:11.0:   bridge window [mem 0xc0000000-0xfebfffff window] (subtractive decode)
4月 27 11:30:00 xuxubaobao-virtual-machine kernel: pci 0000:00:11.0:   bridge window [io  0x0000-0x0cf7 window] (subtractive decode)
4月 27 11:30:00 xuxubaobao-virtual-machine kernel: pci 0000:00:11.0:   bridge window [io  0x0d00-0xfeff window] (subtractive decode)
4月 27 11:30:00 xuxubaobao-virtual-machine kernel: pci 0000:00:15.0: PCI bridge to [bus 03]
4月 27 11:30:00 xuxubaobao-virtual-machine kernel: pci 0000:00:15.1: PCI bridge to [bus 04]
4月 27 11:30:00 xuxubaobao-virtual-machine kernel: pci 0000:00:15.2: PCI bridge to [bus 05]
